Archive member included to satisfy reference by file (symbol)

C:/Users/HDo/.pico-sdk/toolchain/14_2_Rel1/bin/../lib/gcc/arm-none-eabi/14.2.1/thumb/v6-m/nofp\libgcc.a(_dvmd_tls.o)
                              CMakeFiles/adxl382_i2c.dir/C_/Users/HDo/.pico-sdk/sdk/2.1.1/src/rp2_common/pico_divider/divider_hardware.S.obj (__aeabi_idiv0)
C:/Users/HDo/.pico-sdk/toolchain/14_2_Rel1/bin/../lib/gcc/arm-none-eabi/14.2.1/thumb/v6-m/nofp\libg.a(libc_a-calloc.o)
                              CMakeFiles/adxl382_i2c.dir/C_/Users/HDo/.pico-sdk/sdk/2.1.1/src/rp2_common/pico_malloc/malloc.c.obj (calloc)
C:/Users/HDo/.pico-sdk/toolchain/14_2_Rel1/bin/../lib/gcc/arm-none-eabi/14.2.1/thumb/v6-m/nofp\libg.a(libc_a-callocr.o)
                              C:/Users/HDo/.pico-sdk/toolchain/14_2_Rel1/bin/../lib/gcc/arm-none-eabi/14.2.1/thumb/v6-m/nofp\libg.a(libc_a-calloc.o) (_calloc_r)
C:/Users/HDo/.pico-sdk/toolchain/14_2_Rel1/bin/../lib/gcc/arm-none-eabi/14.2.1/thumb/v6-m/nofp\libg.a(libc_a-malloc.o)
                              CMakeFiles/adxl382_i2c.dir/C_/Users/HDo/.pico-sdk/sdk/2.1.1/src/rp2_common/pico_malloc/malloc.c.obj (malloc)
C:/Users/HDo/.pico-sdk/toolchain/14_2_Rel1/bin/../lib/gcc/arm-none-eabi/14.2.1/thumb/v6-m/nofp\libg.a(libc_a-mallocr.o)
                              C:/Users/HDo/.pico-sdk/toolchain/14_2_Rel1/bin/../lib/gcc/arm-none-eabi/14.2.1/thumb/v6-m/nofp\libg.a(libc_a-callocr.o) (_malloc_r)
C:/Users/HDo/.pico-sdk/toolchain/14_2_Rel1/bin/../lib/gcc/arm-none-eabi/14.2.1/thumb/v6-m/nofp\libg.a(libc_a-mlock.o)
                              C:/Users/HDo/.pico-sdk/toolchain/14_2_Rel1/bin/../lib/gcc/arm-none-eabi/14.2.1/thumb/v6-m/nofp\libg.a(libc_a-mallocr.o) (__malloc_lock)
C:/Users/HDo/.pico-sdk/toolchain/14_2_Rel1/bin/../lib/gcc/arm-none-eabi/14.2.1/thumb/v6-m/nofp\libg.a(libc_a-realloc.o)
                              CMakeFiles/adxl382_i2c.dir/C_/Users/HDo/.pico-sdk/sdk/2.1.1/src/rp2_common/pico_malloc/malloc.c.obj (realloc)
C:/Users/HDo/.pico-sdk/toolchain/14_2_Rel1/bin/../lib/gcc/arm-none-eabi/14.2.1/thumb/v6-m/nofp\libg.a(libc_a-reallocr.o)
                              C:/Users/HDo/.pico-sdk/toolchain/14_2_Rel1/bin/../lib/gcc/arm-none-eabi/14.2.1/thumb/v6-m/nofp\libg.a(libc_a-realloc.o) (_realloc_r)
C:/Users/HDo/.pico-sdk/toolchain/14_2_Rel1/bin/../lib/gcc/arm-none-eabi/14.2.1/thumb/v6-m/nofp\libg.a(libc_a-memcmp.o)
                              CMakeFiles/adxl382_i2c.dir/C_/Users/HDo/.pico-sdk/sdk/2.1.1/src/rp2_common/pico_atomic/atomic.c.obj (memcmp)
C:/Users/HDo/.pico-sdk/toolchain/14_2_Rel1/bin/../lib/gcc/arm-none-eabi/14.2.1/thumb/v6-m/nofp\libg.a(libc_a-memmove.o)
                              C:/Users/HDo/.pico-sdk/toolchain/14_2_Rel1/bin/../lib/gcc/arm-none-eabi/14.2.1/thumb/v6-m/nofp\libg.a(libc_a-reallocr.o) (memmove)
C:/Users/HDo/.pico-sdk/toolchain/14_2_Rel1/bin/../lib/gcc/arm-none-eabi/14.2.1/thumb/v6-m/nofp\libg.a(libc_a-lcltime_r.o)
                              CMakeFiles/adxl382_i2c.dir/C_/Users/HDo/.pico-sdk/sdk/2.1.1/src/common/pico_util/datetime.c.obj (localtime_r)
C:/Users/HDo/.pico-sdk/toolchain/14_2_Rel1/bin/../lib/gcc/arm-none-eabi/14.2.1/thumb/v6-m/nofp\libg.a(libc_a-mktime.o)
                              CMakeFiles/adxl382_i2c.dir/C_/Users/HDo/.pico-sdk/sdk/2.1.1/src/common/pico_util/datetime.c.obj (mktime)
C:/Users/HDo/.pico-sdk/toolchain/14_2_Rel1/bin/../lib/gcc/arm-none-eabi/14.2.1/thumb/v6-m/nofp\libg.a(libc_a-month_lengths.o)
                              C:/Users/HDo/.pico-sdk/toolchain/14_2_Rel1/bin/../lib/gcc/arm-none-eabi/14.2.1/thumb/v6-m/nofp\libg.a(libc_a-lcltime_r.o) (__month_lengths)
C:/Users/HDo/.pico-sdk/toolchain/14_2_Rel1/bin/../lib/gcc/arm-none-eabi/14.2.1/thumb/v6-m/nofp\libg.a(libc_a-tzcalc_limits.o)
                              C:/Users/HDo/.pico-sdk/toolchain/14_2_Rel1/bin/../lib/gcc/arm-none-eabi/14.2.1/thumb/v6-m/nofp\libg.a(libc_a-lcltime_r.o) (__tzcalc_limits)
C:/Users/HDo/.pico-sdk/toolchain/14_2_Rel1/bin/../lib/gcc/arm-none-eabi/14.2.1/thumb/v6-m/nofp\libg.a(libc_a-tzlock.o)
                              C:/Users/HDo/.pico-sdk/toolchain/14_2_Rel1/bin/../lib/gcc/arm-none-eabi/14.2.1/thumb/v6-m/nofp\libg.a(libc_a-lcltime_r.o) (__tz_lock)
C:/Users/HDo/.pico-sdk/toolchain/14_2_Rel1/bin/../lib/gcc/arm-none-eabi/14.2.1/thumb/v6-m/nofp\libg.a(libc_a-tzset.o)
                              C:/Users/HDo/.pico-sdk/toolchain/14_2_Rel1/bin/../lib/gcc/arm-none-eabi/14.2.1/thumb/v6-m/nofp\libg.a(libc_a-lcltime_r.o) (_tzset_unlocked)
C:/Users/HDo/.pico-sdk/toolchain/14_2_Rel1/bin/../lib/gcc/arm-none-eabi/14.2.1/thumb/v6-m/nofp\libg.a(libc_a-tzset_r.o)
                              C:/Users/HDo/.pico-sdk/toolchain/14_2_Rel1/bin/../lib/gcc/arm-none-eabi/14.2.1/thumb/v6-m/nofp\libg.a(libc_a-tzset.o) (_tzset_unlocked_r)
C:/Users/HDo/.pico-sdk/toolchain/14_2_Rel1/bin/../lib/gcc/arm-none-eabi/14.2.1/thumb/v6-m/nofp\libg.a(libc_a-tzvars.o)
[...]
Memory Configuration

Name             Origin             Length             Attributes
FLASH            0x10000000         0x00200000         xr
RAM              0x20000000         0x00040000         xrw
SCRATCH_X        0x20040000         0x00001000         xrw
SCRATCH_Y        0x20041000         0x00001000         xrw
*default*        0x00000000         0xffffffff

Linker script and memory map

LOAD C:/Users/HDo/.pico-sdk/toolchain/14_2_Rel1/bin/../lib/gcc/arm-none-eabi/14.2.1/thumb/v6-m/nofp/crti.o
LOAD C:/Users/HDo/.pico-sdk/toolchain/14_2_Rel1/bin/../lib/gcc/arm-none-eabi/14.2.1/thumb/v6-m/nofp/crtbegin.o
LOAD C:/Users/HDo/.pico-sdk/toolchain/14_2_Rel1/bin/../lib/gcc/arm-none-eabi/14.2.1/thumb/v6-m/nofp/crt0.o

.flash_begin    0x10000000        0x0
                0x10000000                        __flash_binary_start = .

.boot2          0x10000000      0x100
                0x10000000                        __boot2_start__ = .
 *(.boot2)
 .boot2         0x10000000      0x100 pico-sdk/src/rp2040/boot_stage2/CMakeFiles/bs2_default_library.dir/./bs2_default_padded_checksummed.S.obj
                0x10000100                        __boot2_end__ = .
                0x00000001                        ASSERT (((__boot2_end__ - __boot2_start__) == 0x100), ERROR: Pico second stage bootloader must be 256 bytes in size)

.text           0x10000100     0x73d4
                0x10000100                        __logical_binary_start = .
 *(.vectors)
 .vectors       0x10000100       0xd4 CMakeFiles/adxl382_i2c.dir/C_/Users/HDo/.pico-sdk/sdk/2.1.1/src/rp2_common/pico_crt0/crt0.S.obj
                0x10000100                __VECTOR_TABLE
                0x10000100                __vectors
                0x100001c0                isr_invalid
                0x100001c0                __default_isrs_start
                0x100001c2                isr_nmi
                0x100001c4                isr_hardfault
                0x100001c6                isr_svcall
                0x100001c8                isr_pendsv
                0x100001ca                isr_systick
                0x100001cc                isr_irq23
                0x100001cc                isr_irq18
                0x100001cc                isr_irq11
                0x100001cc                isr_irq28
                0x100001cc                isr_irq19
                0x100001cc                isr_irq0
                0x100001cc                isr_irq6
                0x100001cc                isr_irq5
                0x100001cc                isr_irq12
                0x100001cc                isr_irq22
                0x100001cc                isr_irq31
                0x100001cc                isr_irq17
                0x100001cc                isr_irq27
                0x100001cc                isr_irq30
                0x100001cc                isr_irq2
                0x100001cc                isr_irq10
                0x100001cc                isr_irq8
                0x100001cc                isr_irq24
                0x100001cc                isr_irq1
                0x100001cc                isr_irq7
                0x100001cc                isr_irq21
                0x100001cc                isr_irq20
                0x100001cc                isr_irq15
                0x100001cc                isr_irq25
                0x100001cc                isr_irq13
                0x100001cc                __unhandled_user_irq
                0x100001cc                isr_irq4
                0x100001cc                isr_irq16
                0x100001cc                isr_irq29
                0x100001cc                isr_irq26
                0x100001cc                __default_isrs_end
                0x100001cc                isr_irq3
                0x100001cc                isr_irq14
                0x100001cc                isr_irq9
                0x100001d2                unhandled_user_irq_num_in_r0
 *(.binary_info_header)
 .binary_info_header
                0x100001d4       0x14 CMakeFiles/adxl382_i2c.dir/C_/Users/HDo/.pico-sdk/sdk/2.1.1/src/rp2_common/pico_crt0/crt0.S.obj
                0x100001e8                        __binary_info_header_end = .
 *(.embedded_block)
                0x100001e8                        __embedded_block_end = .
 *(.reset)
 .reset         0x100001e8       0x9c CMakeFiles/adxl382_i2c.dir/C_/Users/HDo/.pico-sdk/sdk/2.1.1/src/rp2_common/pico_crt0/crt0.S.obj
                0x100001e8                _entry_point
 *(.init)
 .init          0x10000284        0x4 C:/Users/HDo/.pico-sdk/toolchain/14_2_Rel1/bin/../lib/gcc/arm-none-eabi/14.2.1/thumb/v6-m/nofp/crti.o
                0x10000284                _init
 *(EXCLUDE_FILE(*libm.a: *libc.a:*lib_a-mem*.o *libgcc.a:) .text*)
 .text.register_tm_clones
                0x10000288       0x28 C:/Users/HDo/.pico-sdk/toolchain/14_2_Rel1/bin/../lib/gcc/arm-none-eabi/14.2.1/thumb/v6-m/nofp/crtbegin.o
 .text.frame_dummy
                0x100002b0       0x24 C:/Users/HDo/.pico-sdk/toolchain/14_2_Rel1/bin/../lib/gcc/arm-none-eabi/14.2.1/thumb/v6-m/nofp/crtbegin.o
 .text.write_register
                0x100002d4       0x48 CMakeFiles/adxl382_i2c.dir/adxl382.c.obj
                0x100002d4                write_register
 .text.read_register
                0x1000031c       0x4c CMakeFiles/adxl382_i2c.dir/adxl382.c.obj
                0x1000031c                read_register
 .text.adxl38x_init
                0x10000368      0x128 CMakeFiles/adxl382_i2c.dir/adxl382.c.obj
                0x10000368                adxl38x_init
 .text.adxl38x_soft_reset
                0x10000490       0x7c CMakeFiles/adxl382_i2c.dir/adxl382.c.obj
                0x10000490                adxl38x_soft_reset
 .text.adxl38x_set_to_standby
                0x1000050c       0x78 CMakeFiles/adxl382_i2c.dir/adxl382.c.obj
                0x1000050c                adxl38x_set_to_standby
 .text.adxl38x_set_range
                0x10000584       0x90 CMakeFiles/adxl382_i2c.dir/adxl382.c.obj
                0x10000584                adxl38x_set_range
 .text.adxl38x_accel_set_FIFO
                0x10000614      0x124 CMakeFiles/adxl382_i2c.dir/adxl382.c.obj
                0x10000614                adxl38x_accel_set_FIFO
 .text.scan_i2c_bus
                0x10000738       0x60 CMakeFiles/adxl382_i2c.dir/main.c.obj
                0x10000738                scan_i2c_bus
 .text.startup.main
                0x10000798      0x170 CMakeFiles/adxl382_i2c.dir/main.c.obj
                0x10000798                main
 .text.gpio_set_function
                0x10000908       0x34 CMakeFiles/adxl382_i2c.dir/C_/Users/HDo/.pico-sdk/sdk/2.1.1/src/rp2_common/hardware_gpio/gpio.c.obj
                0x10000908                gpio_set_function
 .text.gpio_init
                0x1000093c       0x40 CMakeFiles/adxl382_i2c.dir/C_/Users/HDo/.pico-sdk/sdk/2.1.1/src/rp2_common/hardware_gpio/gpio.c.obj
                0x1000093c                gpio_init
 .text.rp2040_chip_version
                0x1000097c        0xc CMakeFiles/adxl382_i2c.dir/C_/Users/HDo/.pico-sdk/sdk/2.1.1/src/rp2040/pico_platform/platform.c.obj
                0x1000097c                rp2040_chip_version
 .text.panic    0x10000988       0x30 CMakeFiles/adxl382_i2c.dir/C_/Users/HDo/.pico-sdk/sdk/2.1.1/src/rp2_common/pico_platform_panic/panic.c.obj
                0x10000988                panic
 .text.hw_claim_or_assert
                0x100009b8       0x44 CMakeFiles/adxl382_i2c.dir/C_/Users/HDo/.pico-sdk/sdk/2.1.1/src/common/hardware_claim/claim.c.obj
                0x100009b8                hw_claim_or_assert
 .text.hw_claim_unused_from_range
                0x100009fc       0x88 CMakeFiles/adxl382_i2c.dir/C_/Users/HDo/.pico-sdk/sdk/2.1.1/src/common/hardware_claim/claim.c.obj
                0x100009fc                hw_claim_unused_from_range
 .text.next_striped_spin_lock_num
                0x10000a84       0x18 CMakeFiles/adxl382_i2c.dir/C_/Users/HDo/.pico-sdk/sdk/2.1.1/src/rp2_common/hardware_sync/sync.c.obj
                0x10000a84                next_striped_spin_lock_num
 .text.spin_lock_claim_unused
                0x10000a9c       0x24 CMakeFiles/adxl382_i2c.dir/C_/Users/HDo/.pico-sdk/sdk/2.1.1/src/rp2_common/hardware_sync/sync.c.obj
                0x10000a9c                spin_lock_claim_unused
 .text.spin_locks_reset
                0x10000ac0       0x1c CMakeFiles/adxl382_i2c.dir/C_/Users/HDo/.pico-sdk/sdk/2.1.1/src/rp2_common/hardware_sync_spin_lock/sync_spin_lock.c.obj
                0x10000ac0                spin_locks_reset
 .text.runtime_init_per_core_irq_priorities
                0x10000adc       0x24 CMakeFiles/adxl382_i2c.dir/C_/Users/HDo/.pico-sdk/sdk/2.1.1/src/rp2_common/hardware_irq/irq.c.obj
                0x10000adc                runtime_init_per_core_irq_priorities
 .text.irq_set_enabled
                0x10000b00       0x24 CMakeFiles/adxl382_i2c.dir/C_/Users/HDo/.pico-sdk/sdk/2.1.1/src/rp2_common/hardware_irq/irq.c.obj
                0x10000b00                irq_set_enabled
 .text.irq_is_enabled
                0x10000b24       0x18 CMakeFiles/adxl382_i2c.dir/C_/Users/HDo/.pico-sdk/sdk/2.1.1/src/rp2_common/hardware_irq/irq.c.obj
                0x10000b24                irq_is_enabled
 .text.irq_set_pending
                0x10000b3c       0x10 CMakeFiles/adxl382_i2c.dir/C_/Users/HDo/.pico-sdk/sdk/2.1.1/src/rp2_common/hardware_irq/irq.c.obj
                0x10000b3c                irq_set_pending
 .text.irq_has_shared_handler
                0x10000b4c       0x24 CMakeFiles/adxl382_i2c.dir/C_/Users/HDo/.pico-sdk/sdk/2.1.1/src/rp2_common/hardware_irq/irq.c.obj
                0x10000b4c                irq_has_shared_handler
 .text.irq_set_exclusive_handler
                0x10000b70       0x54 CMakeFiles/adxl382_i2c.dir/C_/Users/HDo/.pico-sdk/sdk/2.1.1/src/rp2_common/hardware_irq/irq.c.obj
                0x10000b70                irq_set_exclusive_handler
 .text.irq_add_shared_handler
                0x10000bc4      0x1f4 CMakeFiles/adxl382_i2c.dir/C_/Users/HDo/.pico-sdk/sdk/2.1.1/src/rp2_common/hardware_irq/irq.c.obj
                0x10000bc4                irq_add_shared_handler
 .text.irq_add_tail_to_free_list
                0x10000db8       0xb4 CMakeFiles/adxl382_i2c.dir/C_/Users/HDo/.pico-sdk/sdk/2.1.1/src/rp2_common/hardware_irq/irq.c.obj
                0x10000db8                irq_add_tail_to_free_list
 .text.user_irq_claim_unused
                0x10000e6c       0x2c CMakeFiles/adxl382_i2c.dir/C_/Users/HDo/.pico-sdk/sdk/2.1.1/src/rp2_common/hardware_irq/irq.c.obj
                0x10000e6c                user_irq_claim_unused
 .text.lock_init
                0x10000e98       0x10 CMakeFiles/adxl382_i2c.dir/C_/Users/HDo/.pico-sdk/sdk/2.1.1/src/common/pico_sync/lock_core.c.obj
                0x10000e98                lock_init
 .text.runtime_init_mutex
                0x10000ea8       0x50 CMakeFiles/adxl382_i2c.dir/C_/Users/HDo/.pico-sdk/sdk/2.1.1/src/common/pico_sync/mutex.c.obj
                0x10000ea8                runtime_init_mutex
 .text.mutex_init
                0x10000ef8       0x1c CMakeFiles/adxl382_i2c.dir/C_/Users/HDo/.pico-sdk/sdk/2.1.1/src/common/pico_sync/mutex.c.obj
                0x10000ef8                mutex_init
 .text.critical_section_init
                0x10000f14       0x1c CMakeFiles/adxl382_i2c.dir/C_/Users/HDo/.pico-sdk/sdk/2.1.1/src/common/pico_sync/critical_section.c.obj
                0x10000f14                critical_section_init
 .text.critical_section_init_with_lock_num
                0x10000f30       0x14 CMakeFiles/adxl382_i2c.dir/C_/Users/HDo/.pico-sdk/sdk/2.1.1/src/common/pico_sync/critical_section.c.obj
                0x10000f30                critical_section_init_with_lock_num
 .text.sleep_until_callback
                0x10000f44       0x30 CMakeFiles/adxl382_i2c.dir/C_/Users/HDo/.pico-sdk/sdk/2.1.1/src/common/pico_time/time.c.obj
 .text.alarm_pool_irq_handler
                0x10000f74      0x300 CMakeFiles/adxl382_i2c.dir/C_/Users/HDo/.pico-sdk/sdk/2.1.1/src/common/pico_time/time.c.obj
 .text.runtime_init_default_alarm_pool
                0x10001274       0xdc CMakeFiles/adxl382_i2c.dir/C_/Users/HDo/.pico-sdk/sdk/2.1.1/src/common/pico_time/time.c.obj
                0x10001274                runtime_init_default_alarm_pool
 .text.alarm_pool_get_default
                0x10001350        0x8 CMakeFiles/adxl382_i2c.dir/C_/Users/HDo/.pico-sdk/sdk/2.1.1/src/common/pico_time/time.c.obj
                0x10001350                alarm_pool_get_default
 .text.alarm_pool_add_alarm_at
                0x10001358       0xd0 CMakeFiles/adxl382_i2c.dir/C_/Users/HDo/.pico-sdk/sdk/2.1.1/src/common/pico_time/time.c.obj
                0x10001358                alarm_pool_add_alarm_at
 .text.alarm_pool_add_alarm_at_force_in_context
                0x10001428       0xb0 CMakeFiles/adxl382_i2c.dir/C_/Users/HDo/.pico-sdk/sdk/2.1.1/src/common/pico_time/time.c.obj
                0x10001428                alarm_pool_add_alarm_at_force_in_context
 .text.alarm_pool_cancel_alarm
                0x100014d8       0x74 CMakeFiles/adxl382_i2c.dir/C_/Users/HDo/.pico-sdk/sdk/2.1.1/src/common/pico_time/time.c.obj
                0x100014d8                alarm_pool_cancel_alarm
 .text.alarm_pool_core_num
                0x1000154c        0x4 CMakeFiles/adxl382_i2c.dir/C_/Users/HDo/.pico-sdk/sdk/2.1.1/src/common/pico_time/time.c.obj
                0x1000154c                alarm_pool_core_num
 .text.sleep_us
                0x10001550       0xec CMakeFiles/adxl382_i2c.dir/C_/Users/HDo/.pico-sdk/sdk/2.1.1/src/common/pico_time/time.c.obj
                0x10001550                sleep_us
 .text.sleep_ms
                0x1000163c       0xfc CMakeFiles/adxl382_i2c.dir/C_/Users/HDo/.pico-sdk/sdk/2.1.1/src/common/pico_time/time.c.obj
                0x1000163c                sleep_ms
 .text.best_effort_wfe_or_timeout
                0x10001738      0x10c CMakeFiles/adxl382_i2c.dir/C_/Users/HDo/.pico-sdk/sdk/2.1.1/src/common/pico_time/time.c.obj
                0x10001738                best_effort_wfe_or_timeout
 .text.timer_hardware_alarm_claim
                0x10001844       0x14 CMakeFiles/adxl382_i2c.dir/C_/Users/HDo/.pico-sdk/sdk/2.1.1/src/rp2_common/hardware_timer/timer.c.obj
                0x10001844                timer_hardware_alarm_claim
 .text.timer_time_us_64
                0x10001858       0x10 CMakeFiles/adxl382_i2c.dir/C_/Users/HDo/.pico-sdk/sdk/2.1.1/src/rp2_common/hardware_timer/timer.c.obj
                0x10001858                timer_time_us_64
 .text.time_us_64
                0x10001868       0x14 CMakeFiles/adxl382_i2c.dir/C_/Users/HDo/.pico-sdk/sdk/2.1.1/src/rp2_common/hardware_timer/timer.c.obj
                0x10001868                time_us_64
 .text.busy_wait_until
                0x1000187c       0x20 CMakeFiles/adxl382_i2c.dir/C_/Users/HDo/.pico-sdk/sdk/2.1.1/src/rp2_common/hardware_timer/timer.c.obj
                0x1000187c                busy_wait_until
 .text.clock_configure_int_divider
                0x1000189c       0xf4 CMakeFiles/adxl382_i2c.dir/C_/Users/HDo/.pico-sdk/sdk/2.1.1/src/rp2_common/hardware_clocks/clocks.c.obj
                0x1000189c                clock_configure_int_divider
 .text.clock_configure_undivided
                0x10001990       0xe8 CMakeFiles/adxl382_i2c.dir/C_/Users/HDo/.pico-sdk/sdk/2.1.1/src/rp2_common/hardware_clocks/clocks.c.obj
                0x10001990                clock_configure_undivided
 .text.clock_get_hz
                0x10001a78        0xc CMakeFiles/adxl382_i2c.dir/C_/Users/HDo/.pico-sdk/sdk/2.1.1/src/rp2_common/hardware_clocks/clocks.c.obj
                0x10001a78                clock_get_hz
 .text.pll_init
                0x10001a84       0xa4 CMakeFiles/adxl382_i2c.dir/C_/Users/HDo/.pico-sdk/sdk/2.1.1/src/rp2_common/hardware_pll/pll.c.obj
                0x10001a84                pll_init
 .text.watchdog_reboot
                0x10001b28       0x9c CMakeFiles/adxl382_i2c.dir/C_/Users/HDo/.pico-sdk/sdk/2.1.1/src/rp2_common/hardware_watchdog/watchdog.c.obj
                0x10001b28                watchdog_reboot
 .text.tick_start
                0x10001bc4       0x10 CMakeFiles/adxl382_i2c.dir/C_/Users/HDo/.pico-sdk/sdk/2.1.1/src/rp2_common/hardware_ticks/ticks.c.obj
                0x10001bc4                tick_start
 .text.rom_func_lookup
                0x10001bd4       0x10 CMakeFiles/adxl382_i2c.dir/C_/Users/HDo/.pico-sdk/sdk/2.1.1/src/rp2_common/pico_bootrom/bootrom.c.obj
                0x10001bd4                rom_func_lookup
 .text.rom_data_lookup
                0x10001be4       0x10 CMakeFiles/adxl382_i2c.dir/C_/Users/HDo/.pico-sdk/sdk/2.1.1/src/rp2_common/pico_bootrom/bootrom.c.obj
                0x10001be4                rom_data_lookup
 .text.rom_funcs_lookup
                0x10001bf4       0x44 CMakeFiles/adxl382_i2c.dir/C_/Users/HDo/.pico-sdk/sdk/2.1.1/src/rp2_common/pico_bootrom/bootrom.c.obj
                0x10001bf4                rom_funcs_lookup
 .text.rom_reset_usb_boot_extra
                0x10001c38       0x24 CMakeFiles/adxl382_i2c.dir/C_/Users/HDo/.pico-sdk/sdk/2.1.1/src/rp2_common/pico_bootrom/bootrom.c.obj
                0x10001c38                rom_reset_usb_boot_extra
 .text.xosc_init
                0x10001c5c       0x28 CMakeFiles/adxl382_i2c.dir/C_/Users/HDo/.pico-sdk/sdk/2.1.1/src/rp2_common/hardware_xosc/xosc.c.obj
                0x10001c5c                xosc_init
 .text.first_per_core_initializer
                0x10001c84        0x4 CMakeFiles/adxl382_i2c.dir/C_/Users/HDo/.pico-sdk/sdk/2.1.1/src/rp2_common/pico_runtime/runtime.c.obj
 .text.hard_assertion_failure
                0x10001c88        0xc CMakeFiles/adxl382_i2c.dir/C_/Users/HDo/.pico-sdk/sdk/2.1.1/src/rp2_common/pico_runtime/runtime.c.obj
                0x10001c88                hard_assertion_failure
 .text.runtime_run_initializers
                0x10001c94       0x28 CMakeFiles/adxl382_i2c.dir/C_/Users/HDo/.pico-sdk/sdk/2.1.1/src/rp2_common/pico_runtime/runtime.c.obj
                0x10001c94                runtime_run_initializers
 .text.runtime_init_early_resets
                0x10001cbc       0x2c CMakeFiles/adxl382_i2c.dir/C_/Users/HDo/.pico-sdk/sdk/2.1.1/src/rp2_common/pico_runtime_init/runtime_init.c.obj
                0x10001cbc                runtime_init_early_resets
 .text.runtime_init_usb_power_down
                0x10001ce8       0x1c CMakeFiles/adxl382_i2c.dir/C_/Users/HDo/.pico-sdk/sdk/2.1.1/src/rp2_common/pico_runtime_init/runtime_init.c.obj
                0x10001ce8                runtime_init_usb_power_down
 .text.runtime_init_post_clock_resets
                0x10001d04       0x20 CMakeFiles/adxl382_i2c.dir/C_/Users/HDo/.pico-sdk/sdk/2.1.1/src/rp2_common/pico_runtime_init/runtime_init.c.obj
                0x10001d04                runtime_init_post_clock_resets
 .text.runtime_init_rp2040_gpio_ie_disable
                0x10001d24       0x14 CMakeFiles/adxl382_i2c.dir/C_/Users/HDo/.pico-sdk/sdk/2.1.1/src/rp2_common/pico_runtime_init/runtime_init.c.obj
                0x10001d24                runtime_init_rp2040_gpio_ie_disable
 .text.runtime_init_spin_locks_reset
                0x10001d38        0x8 CMakeFiles/adxl382_i2c.dir/C_/Users/HDo/.pico-sdk/sdk/2.1.1/src/rp2_common/pico_runtime_init/runtime_init.c.obj
                0x10001d38                runtime_init_spin_locks_reset
 .text.runtime_init_install_ram_vector_table
                0x10001d40       0x1c CMakeFiles/adxl382_i2c.dir/C_/Users/HDo/.pico-sdk/sdk/2.1.1/src/rp2_common/pico_runtime_init/runtime_init.c.obj
                0x10001d40                runtime_init_install_ram_vector_table
 .text.runtime_init_clocks
                0x10001d5c       0xd8 CMakeFiles/adxl382_i2c.dir/C_/Users/HDo/.pico-sdk/sdk/2.1.1/src/rp2_common/pico_runtime_init/runtime_init_clocks.c.obj
                0x10001d5c                runtime_init_clocks
 .text          0x10001e34       0x10 CMakeFiles/adxl382_i2c.dir/C_/Users/HDo/.pico-sdk/sdk/2.1.1/src/rp2_common/pico_bit_ops/bit_ops_aeabi.S.obj
 .text.__wrap___aeabi_idiv
                0x10001e44       0x50 CMakeFiles/adxl382_i2c.dir/C_/Users/HDo/.pico-sdk/sdk/2.1.1/src/rp2_common/pico_divider/divider_hardware.S.obj
                0x10001e44                __wrap___aeabi_idivmod
                0x10001e44                divmod_s32s32
                0x10001e44                div_s32s32
                0x10001e44                __wrap___aeabi_idiv
                0x10001e4c                divmod_s32s32_unsafe
                0x10001e78                divmod_s32s32_savestate
 .text.__wrap___aeabi_uidiv
                0x10001e94       0x4c CMakeFiles/adxl382_i2c.dir/C_/Users/HDo/.pico-sdk/sdk/2.1.1/src/rp2_common/pico_divider/divider_hardware.S.obj
                0x10001e94                __wrap___aeabi_uidiv
                0x10001e94                __wrap___aeabi_uidivmod
                0x10001e94                div_u32u32
                0x10001e94                divmod_u32u32
                0x10001e9c                divmod_u32u32_unsafe
                0x10001ec4                divmod_u32u32_savestate
 .text.__wrap___aeabi_ldiv
                0x10001ee0      0x424 CMakeFiles/adxl382_i2c.dir/C_/Users/HDo/.pico-sdk/sdk/2.1.1/src/rp2_common/pico_divider/divider_hardware.S.obj
                0x10001ee0                div_s64s64
                0x10001ee0                divmod_s64s64
                0x10001ee0                __wrap___aeabi_ldivmod
                0x10001f10                divmod_u64u64
                0x10001f10                div_u64u64
                0x10001f10                __wrap___aeabi_uldivmod
                0x10001f20                divmod_u64u64_savestate
                0x10001f40                divmod_s64s64_unsafe
                0x10001fc8                divmod_u64u64_unsafe
 .text.__wrap___aeabi_darithmetic
                0x10002304       0x80 CMakeFiles/adxl382_i2c.dir/C_/Users/HDo/.pico-sdk/sdk/2.1.1/src/rp2_common/pico_double/double_aeabi_rp2040.S.obj
                0x10002304                __wrap___aeabi_drsub
                0x1000230a                __wrap___aeabi_dsub
                0x1000231c                __wrap___aeabi_dadd
                0x1000232e                __wrap___aeabi_ddiv
                0x1000236a                __wrap___aeabi_dmul
 .text.__wrap___aeabi_cdcmple
                0x10002384       0x6c CMakeFiles/adxl382_i2c.dir/C_/Users/HDo/.pico-sdk/sdk/2.1.1/src/rp2_common/pico_double/double_aeabi_rp2040.S.obj
                0x10002384                __wrap___aeabi_cdrcmple
                0x10002394                __wrap___aeabi_cdcmpeq
                0x10002394                __wrap___aeabi_cdcmple
 .text.__wrap___aeabi_dcmplt
                0x100023f0        0xc CMakeFiles/adxl382_i2c.dir/C_/Users/HDo/.pico-sdk/sdk/2.1.1/src/rp2_common/pico_double/double_aeabi_rp2040.S.obj
                0x100023f0                __wrap___aeabi_dcmplt
 .text.__wrap___aeabi_dcmple
                0x100023fc       0x10 CMakeFiles/adxl382_i2c.dir/C_/Users/HDo/.pico-sdk/sdk/2.1.1/src/rp2_common/pico_double/double_aeabi_rp2040.S.obj
                0x100023fc                __wrap___aeabi_dcmple
 .text.__wrap___aeabi_dcmpge
                0x1000240c       0x10 CMakeFiles/adxl382_i2c.dir/C_/Users/HDo/.pico-sdk/sdk/2.1.1/src/rp2_common/pico_double/double_aeabi_rp2040.S.obj
                0x1000240c                __wrap___aeabi_dcmpge
 .text.__wrap___aeabi_dcmpgt
                0x1000241c        0xa CMakeFiles/adxl382_i2c.dir/C_/Users/HDo/.pico-sdk/sdk/2.1.1/src/rp2_common/pico_double/double_aeabi_rp2040.S.obj
                0x1000241c                __wrap___aeabi_dcmpgt
 .text.__wrap___aeabi_dcmpun
                0x10002426       0x18 CMakeFiles/adxl382_i2c.dir/C_/Users/HDo/.pico-sdk/sdk/2.1.1/src/rp2_common/pico_double/double_aeabi_rp2040.S.obj
                0x10002426                __wrap___aeabi_dcmpun
 *fill*         0x1000243e        0x2 
 .text.__wrap___aeabi_i2d
                0x10002440       0x38 CMakeFiles/adxl382_i2c.dir/C_/Users/HDo/.pico-sdk/sdk/2.1.1/src/rp2_common/pico_double/double_aeabi_rp2040.S.obj
                0x10002440                uint2double
                0x10002440                __wrap___aeabi_ui2d
                0x10002448                int2double
                0x10002448                __wrap___aeabi_i2d
 .text.__wrap___aeabi_d2iz
                0x10002478       0x48 CMakeFiles/adxl382_i2c.dir/C_/Users/HDo/.pico-sdk/sdk/2.1.1/src/rp2_common/pico_double/double_aeabi_rp2040.S.obj
                0x10002478                double2int_z
                0x10002478                __wrap___aeabi_d2iz
 .text.__wrap___aeabi_d2uiz
                0x100024c0       0x18 CMakeFiles/adxl382_i2c.dir/C_/Users/HDo/.pico-sdk/sdk/2.1.1/src/rp2_common/pico_double/double_aeabi_rp2040.S.obj
                0x100024c0                double2uint
                0x100024c0                __wrap___aeabi_d2uiz
                0x100024c0                double2uint_z
 .text.__aeabi_double_init
                0x100024d8       0xa4 CMakeFiles/adxl382_i2c.dir/C_/Users/HDo/.pico-sdk/sdk/2.1.1/src/rp2_common/pico_double/double_init_rom_rp2040.c.obj
                0x100024d8                __aeabi_double_init
 .text.double_table_shim_on_use_helper
                0x1000257c       0x2c CMakeFiles/adxl382_i2c.dir/C_/Users/HDo/.pico-sdk/sdk/2.1.1/src/rp2_common/pico_double/double_v1_rom_shim_rp2040.S.obj
                0x1000257c                double_table_shim_on_use_helper
 .text.__wrap___aeabi_dsub
                0x100025a8       0x10 CMakeFiles/adxl382_i2c.dir/C_/Users/HDo/.pico-sdk/sdk/2.1.1/src/rp2_common/pico_double/double_v1_rom_shim_rp2040.S.obj
                0x100025a8                drsub_shim
                0x100025ae                dsub_shim
 .text.dadd_shim
                0x100025b8      0x15c CMakeFiles/adxl382_i2c.dir/C_/Users/HDo/.pico-sdk/sdk/2.1.1/src/rp2_common/pico_double/double_v1_rom_shim_rp2040.S.obj
                0x100025b8                dadd_shim
 .text.dmul_shim
                0x10002714      0x15c CMakeFiles/adxl382_i2c.dir/C_/Users/HDo/.pico-sdk/sdk/2.1.1/src/rp2_common/pico_double/double_v1_rom_shim_rp2040.S.obj
                0x10002714                dmul_shim
 .text.ddiv_shim
                0x10002870      0x1b0 CMakeFiles/adxl382_i2c.dir/C_/Users/HDo/.pico-sdk/sdk/2.1.1/src/rp2_common/pico_double/double_v1_rom_shim_rp2040.S.obj
                0x10002870                ddiv_shim
 .text.double2uint_shim
                0x10002a20        0xe CMakeFiles/adxl382_i2c.dir/C_/Users/HDo/.pico-sdk/sdk/2.1.1/src/rp2_common/pico_double/double_v1_rom_shim_rp2040.S.obj
                0x10002a20                double2uint_shim
                0x10002a22                double2ufix_shim
 *fill*         0x10002a2e        0x2 
 .text.double2uint64_shim
                0x10002a30       0x70 CMakeFiles/adxl382_i2c.dir/C_/Users/HDo/.pico-sdk/sdk/2.1.1/src/rp2_common/pico_double/double_v1_rom_shim_rp2040.S.obj
                0x10002a30                double2uint64_shim
                0x10002a32                double2ufix64_shim
                0x10002a52                d2fix_a
 .text.dunpacks
                0x10002aa0       0x3c CMakeFiles/adxl382_i2c.dir/C_/Users/HDo/.pico-sdk/sdk/2.1.1/src/rp2_common/pico_double/double_v1_rom_shim_rp2040.S.obj
                0x10002aa0                dunpacks
 .text.__aeabi_lmul
                0x10002adc       0x32 CMakeFiles/adxl382_i2c.dir/C_/Users/HDo/.pico-sdk/sdk/2.1.1/src/rp2_common/pico_int64_ops/pico_int64_ops_aeabi.S.obj
                0x10002adc                __wrap___aeabi_lmul
 *fill*         0x10002b0e        0x2 
 .text.__aeabi_float_init
                0x10002b10       0x64 CMakeFiles/adxl382_i2c.dir/C_/Users/HDo/.pico-sdk/sdk/2.1.1/src/rp2_common/pico_float/float_init_rom_rp2040.c.obj
                0x10002b10                __aeabi_float_init
 .text.float_table_shim_on_use_helper
                0x10002b74       0x2c CMakeFiles/adxl382_i2c.dir/C_/Users/HDo/.pico-sdk/sdk/2.1.1/src/rp2_common/pico_float/float_v1_rom_shim_rp2040.S.obj
                0x10002b74                float_table_shim_on_use_helper
 .text          0x10002ba0       0x10 CMakeFiles/adxl382_i2c.dir/C_/Users/HDo/.pico-sdk/sdk/2.1.1/src/rp2_common/pico_mem_ops/mem_ops_aeabi.S.obj
                0x10002ba0                __aeabi_mem_init
 .text.memset   0x10002bb0        0xc CMakeFiles/adxl382_i2c.dir/C_/Users/HDo/.pico-sdk/sdk/2.1.1/src/rp2_common/pico_mem_ops/mem_ops_aeabi.S.obj
                0x10002bb0                __wrap_memset
 .text.memcpy   0x10002bbc        0xc CMakeFiles/adxl382_i2c.dir/C_/Users/HDo/.pico-sdk/sdk/2.1.1/src/rp2_common/pico_mem_ops/mem_ops_aeabi.S.obj
                0x10002bbc                __wrap_memcpy
                0x10002bbc                __wrap___aeabi_memcpy
 .text._out_null
                0x10002bc8        0x4 CMakeFiles/adxl382_i2c.dir/C_/Users/HDo/.pico-sdk/sdk/2.1.1/src/rp2_common/pico_printf/printf.c.obj
 .text._out_rev
                0x10002bcc       0xac CMakeFiles/adxl382_i2c.dir/C_/Users/HDo/.pico-sdk/sdk/2.1.1/src/rp2_common/pico_printf/printf.c.obj
 .text._ntoa_format
                0x10002c78      0x1cc CMakeFiles/adxl382_i2c.dir/C_/Users/HDo/.pico-sdk/sdk/2.1.1/src/rp2_common/pico_printf/printf.c.obj
 .text._out_char
                0x10002e44       0x10 CMakeFiles/adxl382_i2c.dir/C_/Users/HDo/.pico-sdk/sdk/2.1.1/src/rp2_common/pico_printf/printf.c.obj
 .text._out_fct
                0x10002e54       0x10 CMakeFiles/adxl382_i2c.dir/C_/Users/HDo/.pico-sdk/sdk/2.1.1/src/rp2_common/pico_printf/printf.c.obj
 .text._ftoa    0x10002e64      0x4a8 CMakeFiles/adxl382_i2c.dir/C_/Users/HDo/.pico-sdk/sdk/2.1.1/src/rp2_common/pico_printf/printf.c.obj
 .text._etoa    0x1000330c      0x57c CMakeFiles/adxl382_i2c.dir/C_/Users/HDo/.pico-sdk/sdk/2.1.1/src/rp2_common/pico_printf/printf.c.obj
 .text._vsnprintf
                0x10003888      0xbe0 CMakeFiles/adxl382_i2c.dir/C_/Users/HDo/.pico-sdk/sdk/2.1.1/src/rp2_common/pico_printf/printf.c.obj
 .text.vfctprintf
                0x10004468       0x24 CMakeFiles/adxl382_i2c.dir/C_/Users/HDo/.pico-sdk/sdk/2.1.1/src/rp2_common/pico_printf/printf.c.obj
                0x10004468                vfctprintf
 .text.weak_raw_vprintf
                0x1000448c       0x30 CMakeFiles/adxl382_i2c.dir/C_/Users/HDo/.pico-sdk/sdk/2.1.1/src/rp2_common/pico_printf/printf.c.obj
                0x1000448c                weak_raw_vprintf
 .text._exit    0x100044bc        0x4 CMakeFiles/adxl382_i2c.dir/C_/Users/HDo/.pico-sdk/sdk/2.1.1/src/rp2_common/pico_clib_interface/newlib_interface.c.obj
                0x100044bc                _exit
 .text.exit     0x100044c0        0x8 CMakeFiles/adxl382_i2c.dir/C_/Users/HDo/.pico-sdk/sdk/2.1.1/src/rp2_common/pico_clib_interface/newlib_interface.c.obj
                0x100044c0                exit
 .text.runtime_init
                0x100044c8       0x2c CMakeFiles/adxl382_i2c.dir/C_/Users/HDo/.pico-sdk/sdk/2.1.1/src/rp2_common/pico_clib_interface/newlib_interface.c.obj
                0x100044c8                runtime_init
 .text.stdio_out_chars_no_crlf
                0x100044f4       0x10 CMakeFiles/adxl382_i2c.dir/C_/Users/HDo/.pico-sdk/sdk/2.1.1/src/rp2_common/pico_stdio/stdio.c.obj
 .text.stdio_out_chars_crlf
                0x10004504       0xb0 CMakeFiles/adxl382_i2c.dir/C_/Users/HDo/.pico-sdk/sdk/2.1.1/src/rp2_common/pico_stdio/stdio.c.obj
 .text.stdio_buffered_printer
                0x100045b4       0x64 CMakeFiles/adxl382_i2c.dir/C_/Users/HDo/.pico-sdk/sdk/2.1.1/src/rp2_common/pico_stdio/stdio.c.obj
 .text.stdio_put_string
                0x10004618       0xfc CMakeFiles/adxl382_i2c.dir/C_/Users/HDo/.pico-sdk/sdk/2.1.1/src/rp2_common/pico_stdio/stdio.c.obj
                0x10004618                stdio_put_string
 .text.stdio_set_driver_enabled
                0x10004714       0x30 CMakeFiles/adxl382_i2c.dir/C_/Users/HDo/.pico-sdk/sdk/2.1.1/src/rp2_common/pico_stdio/stdio.c.obj
                0x10004714                stdio_set_driver_enabled
 .text.stdio_init_all
                0x10004744        0x8 CMakeFiles/adxl382_i2c.dir/C_/Users/HDo/.pico-sdk/sdk/2.1.1/src/rp2_common/pico_stdio/stdio.c.obj
                0x10004744                stdio_init_all
 .text.__wrap_putchar
                0x1000474c       0x94 CMakeFiles/adxl382_i2c.dir/C_/Users/HDo/.pico-sdk/sdk/2.1.1/src/rp2_common/pico_stdio/stdio.c.obj
                0x1000474c                __wrap_putchar
                0x1000474c                stdio_putchar
 .text.__wrap_puts
                0x100047e0       0x3c CMakeFiles/adxl382_i2c.dir/C_/Users/HDo/.pico-sdk/sdk/2.1.1/src/rp2_common/pico_stdio/stdio.c.obj
                0x100047e0                stdio_puts
                0x100047e0                __wrap_puts
 .text.__wrap_vprintf
                0x1000481c       0xcc CMakeFiles/adxl382_i2c.dir/C_/Users/HDo/.pico-sdk/sdk/2.1.1/src/rp2_common/pico_stdio/stdio.c.obj
                0x1000481c                stdio_vprintf
                0x1000481c                __wrap_vprintf
 .text.__wrap_printf
                0x100048e8       0x18 CMakeFiles/adxl382_i2c.dir/C_/Users/HDo/.pico-sdk/sdk/2.1.1/src/rp2_common/pico_stdio/stdio.c.obj
                0x100048e8                __wrap_printf
                0x100048e8                stdio_printf
 .text.resetd_init
                0x10004900        0x4 CMakeFiles/adxl382_i2c.dir/C_/Users/HDo/.pico-sdk/sdk/2.1.1/src/rp2_common/pico_stdio_usb/reset_interface.c.obj
 .text.resetd_reset
                0x10004904        0xc CMakeFiles/adxl382_i2c.dir/C_/Users/HDo/.pico-sdk/sdk/2.1.1/src/rp2_common/pico_stdio_usb/reset_interface.c.obj
 .text.resetd_open
                0x10004910       0x28 CMakeFiles/adxl382_i2c.dir/C_/Users/HDo/.pico-sdk/sdk/2.1.1/src/rp2_common/pico_stdio_usb/reset_interface.c.obj
 .text.resetd_xfer_cb
                0x10004938        0x4 CMakeFiles/adxl382_i2c.dir/C_/Users/HDo/.pico-sdk/sdk/2.1.1/src/rp2_common/pico_stdio_usb/reset_interface.c.obj
 .text.resetd_control_xfer_cb
                0x1000493c       0x54 CMakeFiles/adxl382_i2c.dir/C_/Users/HDo/.pico-sdk/sdk/2.1.1/src/rp2_common/pico_stdio_usb/reset_interface.c.obj
 .text.tud_descriptor_bos_cb
                0x10004990        0x8 CMakeFiles/adxl382_i2c.dir/C_/Users/HDo/.pico-sdk/sdk/2.1.1/src/rp2_common/pico_stdio_usb/reset_interface.c.obj
                0x10004990                tud_descriptor_bos_cb
 .text.tud_vendor_control_xfer_cb
                0x10004998       0x34 CMakeFiles/adxl382_i2c.dir/C_/Users/HDo/.pico-sdk/sdk/2.1.1/src/rp2_common/pico_stdio_usb/reset_interface.c.obj
                0x10004998                tud_vendor_control_xfer_cb
 .text.usbd_app_driver_get_cb
                0x100049cc        0xc CMakeFiles/adxl382_i2c.dir/C_/Users/HDo/.pico-sdk/sdk/2.1.1/src/rp2_common/pico_stdio_usb/reset_interface.c.obj
                0x100049cc                usbd_app_driver_get_cb
 .text.tud_cdc_line_coding_cb
                0x100049d8       0x2c CMakeFiles/adxl382_i2c.dir/C_/Users/HDo/.pico-sdk/sdk/2.1.1/src/rp2_common/pico_stdio_usb/reset_interface.c.obj
                0x100049d8                tud_cdc_line_coding_cb
 .text.stdio_usb_set_chars_available_callback
                0x10004a04       0x14 CMakeFiles/adxl382_i2c.dir/C_/Users/HDo/.pico-sdk/sdk/2.1.1/src/rp2_common/pico_stdio_usb/stdio_usb.c.obj
                0x10004a04                stdio_usb_set_chars_available_callback
 .text.usb_irq  0x10004a18       0x10 CMakeFiles/adxl382_i2c.dir/C_/Users/HDo/.pico-sdk/sdk/2.1.1/src/rp2_common/pico_stdio_usb/stdio_usb.c.obj
 .text.timer_task
                0x10004a28       0x64 CMakeFiles/adxl382_i2c.dir/C_/Users/HDo/.pico-sdk/sdk/2.1.1/src/rp2_common/pico_stdio_usb/stdio_usb.c.obj
 .text.stdio_usb_in_chars
                0x10004a8c       0x8c CMakeFiles/adxl382_i2c.dir/C_/Users/HDo/.pico-sdk/sdk/2.1.1/src/rp2_common/pico_stdio_usb/stdio_usb.c.obj
                0x10004a8c                stdio_usb_in_chars
 .text.stdio_usb_out_flush
                0x10004b18       0x4c CMakeFiles/adxl382_i2c.dir/C_/Users/HDo/.pico-sdk/sdk/2.1.1/src/rp2_common/pico_stdio_usb/stdio_usb.c.obj
 .text.stdio_usb_out_chars
                0x10004b64      0x100 CMakeFiles/adxl382_i2c.dir/C_/Users/HDo/.pico-sdk/sdk/2.1.1/src/rp2_common/pico_stdio_usb/stdio_usb.c.obj
 .text.low_priority_worker_irq
                0x10004c64       0xc8 CMakeFiles/adxl382_i2c.dir/C_/Users/HDo/.pico-sdk/sdk/2.1.1/src/rp2_common/pico_stdio_usb/stdio_usb.c.obj
 .text.stdio_usb_init
                0x10004d2c       0xe8 CMakeFiles/adxl382_i2c.dir/C_/Users/HDo/.pico-sdk/sdk/2.1.1/src/rp2_common/pico_stdio_usb/stdio_usb.c.obj
                0x10004d2c                stdio_usb_init
 .text.tud_descriptor_device_cb
                0x10004e14        0x8 CMakeFiles/adxl382_i2c.dir/C_/Users/HDo/.pico-sdk/sdk/2.1.1/src/rp2_common/pico_stdio_usb/stdio_usb_descriptors.c.obj
                0x10004e14                tud_descriptor_device_cb
 .text.tud_descriptor_configuration_cb
                0x10004e1c        0x8 CMakeFiles/adxl382_i2c.dir/C_/Users/HDo/.pico-sdk/sdk/2.1.1/src/rp2_common/pico_stdio_usb/stdio_usb_descriptors.c.obj
                0x10004e1c                tud_descriptor_configuration_cb
 .text.tud_descriptor_string_cb
                0x10004e24       0x78 CMakeFiles/adxl382_i2c.dir/C_/Users/HDo/.pico-sdk/sdk/2.1.1/src/rp2_common/pico_stdio_usb/stdio_usb_descriptors.c.obj
                0x10004e24                tud_descriptor_string_cb
 .text.startup._retrieve_unique_id_on_boot
                0x10004e9c       0x10 CMakeFiles/adxl382_i2c.dir/C_/Users/HDo/.pico-sdk/sdk/2.1.1/src/rp2_common/pico_unique_id/unique_id.c.obj
 .text.pico_get_unique_board_id_string
                0x10004eac      0x1a8 CMakeFiles/adxl382_i2c.dir/C_/Users/HDo/.pico-sdk/sdk/2.1.1/src/rp2_common/pico_unique_id/unique_id.c.obj
                0x10004eac                pico_get_unique_board_id_string
 .text.flash_get_unique_id
                0x10005054       0x3c CMakeFiles/adxl382_i2c.dir/C_/Users/HDo/.pico-sdk/sdk/2.1.1/src/rp2_common/hardware_flash/flash.c.obj
                0x10005054                flash_get_unique_id
 .text.dcd_init
                0x10005090       0x90 CMakeFiles/adxl382_i2c.dir/C_/Users/HDo/.pico-sdk/sdk/2.1.1/lib/tinyusb/src/portable/raspberrypi/rp2040/dcd_rp2040.c.obj
                0x10005090                dcd_init
 .text.dcd_int_enable
                0x10005120        0xc CMakeFiles/adxl382_i2c.dir/C_/Users/HDo/.pico-sdk/sdk/2.1.1/lib/tinyusb/src/portable/raspberrypi/rp2040/dcd_rp2040.c.obj
                0x10005120                dcd_int_enable
 .text.dcd_set_address
                0x1000512c       0x14 CMakeFiles/adxl382_i2c.dir/C_/Users/HDo/.pico-sdk/sdk/2.1.1/lib/tinyusb/src/portable/raspberrypi/rp2040/dcd_rp2040.c.obj
                0x1000512c                dcd_set_address
 .text.dcd_sof_enable
                0x10005140       0x1c CMakeFiles/adxl382_i2c.dir/C_/Users/HDo/.pico-sdk/sdk/2.1.1/lib/tinyusb/src/portable/raspberrypi/rp2040/dcd_rp2040.c.obj
                0x10005140                dcd_sof_enable
 .text.dcd_edpt0_status_complete
                0x1000515c       0x1c CMakeFiles/adxl382_i2c.dir/C_/Users/HDo/.pico-sdk/sdk/2.1.1/lib/tinyusb/src/portable/raspberrypi/rp2040/dcd_rp2040.c.obj
                0x1000515c                dcd_edpt0_status_complete
 .text.dcd_edpt_open
                0x10005178      0x114 CMakeFiles/adxl382_i2c.dir/C_/Users/HDo/.pico-sdk/sdk/2.1.1/lib/tinyusb/src/portable/raspberrypi/rp2040/dcd_rp2040.c.obj
                0x10005178                dcd_edpt_open
 .text.dcd_edpt_close_all
                0x1000528c        0x8 CMakeFiles/adxl382_i2c.dir/C_/Users/HDo/.pico-sdk/sdk/2.1.1/lib/tinyusb/src/portable/raspberrypi/rp2040/dcd_rp2040.c.obj
                0x1000528c                dcd_edpt_close_all
 .text.dcd_edpt_xfer
                0x10005294       0x24 CMakeFiles/adxl382_i2c.dir/C_/Users/HDo/.pico-sdk/sdk/2.1.1/lib/tinyusb/src/portable/raspberrypi/rp2040/dcd_rp2040.c.obj
                0x10005294                dcd_edpt_xfer
 .text.dcd_edpt_stall
                0x100052b8       0x3c CMakeFiles/adxl382_i2c.dir/C_/Users/HDo/.pico-sdk/sdk/2.1.1/lib/tinyusb/src/portable/raspberrypi/rp2040/dcd_rp2040.c.obj
                0x100052b8                dcd_edpt_stall
 .text.dcd_edpt_clear_stall
                0x100052f4       0x30 CMakeFiles/adxl382_i2c.dir/C_/Users/HDo/.pico-sdk/sdk/2.1.1/lib/tinyusb/src/portable/raspberrypi/rp2040/dcd_rp2040.c.obj
                0x100052f4                dcd_edpt_clear_stall
 .text.rp2040_usb_init
                0x10005324       0x40 CMakeFiles/adxl382_i2c.dir/C_/Users/HDo/.pico-sdk/sdk/2.1.1/lib/tinyusb/src/portable/raspberrypi/rp2040/rp2040_usb.c.obj
                0x10005324                rp2040_usb_init
 .text.hw_endpoint_xfer_start
                0x10005364       0x40 CMakeFiles/adxl382_i2c.dir/C_/Users/HDo/.pico-sdk/sdk/2.1.1/lib/tinyusb/src/portable/raspberrypi/rp2040/rp2040_usb.c.obj
                0x10005364                hw_endpoint_xfer_start
 .text.tud_event_hook_cb
                0x100053a4        0x4 CMakeFiles/adxl382_i2c.dir/C_/Users/HDo/.pico-sdk/sdk/2.1.1/lib/tinyusb/src/device/usbd.c.obj
                0x100053a4                tud_event_hook_cb
 .text.tud_sof_cb
                0x100053a8        0x4 CMakeFiles/adxl382_i2c.dir/C_/Users/HDo/.pico-sdk/sdk/2.1.1/lib/tinyusb/src/device/usbd.c.obj
                0x100053a8                tud_sof_cb
 .text.tud_descriptor_device_qualifier_cb
                0x100053ac        0x4 CMakeFiles/adxl382_i2c.dir/C_/Users/HDo/.pico-sdk/sdk/2.1.1/lib/tinyusb/src/device/usbd.c.obj
                0x100053ac                tud_descriptor_device_qualifier_cb
 .text.tud_descriptor_other_speed_configuration_cb
                0x100053b0        0x4 CMakeFiles/adxl382_i2c.dir/C_/Users/HDo/.pico-sdk/sdk/2.1.1/lib/tinyusb/src/device/usbd.c.obj
                0x100053b0                tud_descriptor_other_speed_configuration_cb
 .text.tud_mount_cb
                0x100053b4        0x4 CMakeFiles/adxl382_i2c.dir/C_/Users/HDo/.pico-sdk/sdk/2.1.1/lib/tinyusb/src/device/usbd.c.obj
                0x100053b4                tud_mount_cb
 .text.tud_umount_cb
                0x100053b8        0x4 CMakeFiles/adxl382_i2c.dir/C_/Users/HDo/.pico-sdk/sdk/2.1.1/lib/tinyusb/src/device/usbd.c.obj
                0x100053b8                tud_umount_cb
 .text.tud_suspend_cb
                0x100053bc        0x4 CMakeFiles/adxl382_i2c.dir/C_/Users/HDo/.pico-sdk/sdk/2.1.1/lib/tinyusb/src/device/usbd.c.obj
                0x100053bc                tud_suspend_cb
 .text.tud_resume_cb
                0x100053c0        0x4 CMakeFiles/adxl382_i2c.dir/C_/Users/HDo/.pico-sdk/sdk/2.1.1/lib/tinyusb/src/device/usbd.c.obj
                0x100053c0                tud_resume_cb
 .text.tud_mounted
                0x100053c4       0x10 CMakeFiles/adxl382_i2c.dir/C_/Users/HDo/.pico-sdk/sdk/2.1.1/lib/tinyusb/src/device/usbd.c.obj
                0x100053c4                tud_mounted
 .text.tud_suspended
                0x100053d4       0x10 CMakeFiles/adxl382_i2c.dir/C_/Users/HDo/.pico-sdk/sdk/2.1.1/lib/tinyusb/src/device/usbd.c.obj
                0x100053d4                tud_suspended
 .text.tud_rhport_init
                0x100053e4       0xf4 CMakeFiles/adxl382_i2c.dir/C_/Users/HDo/.pico-sdk/sdk/2.1.1/lib/tinyusb/src/device/usbd.c.obj
                0x100053e4                tud_rhport_init
 .text.tud_task_ext
                0x100054d8      0x800 CMakeFiles/adxl382_i2c.dir/C_/Users/HDo/.pico-sdk/sdk/2.1.1/lib/tinyusb/src/device/usbd.c.obj
                0x100054d8                tud_task_ext
 .text.usbd_open_edpt_pair
                0x10005cd8       0x9c CMakeFiles/adxl382_i2c.dir/C_/Users/HDo/.pico-sdk/sdk/2.1.1/lib/tinyusb/src/device/usbd.c.obj
                0x10005cd8                usbd_open_edpt_pair
 .text.usbd_edpt_open
                0x10005d74       0x34 CMakeFiles/adxl382_i2c.dir/C_/Users/HDo/.pico-sdk/sdk/2.1.1/lib/tinyusb/src/device/usbd.c.obj
                0x10005d74                usbd_edpt_open
 .text.usbd_edpt_claim
                0x10005da8       0x28 CMakeFiles/adxl382_i2c.dir/C_/Users/HDo/.pico-sdk/sdk/2.1.1/lib/tinyusb/src/device/usbd.c.obj
                0x10005da8                usbd_edpt_claim
 .text.usbd_edpt_release
                0x10005dd0       0x28 CMakeFiles/adxl382_i2c.dir/C_/Users/HDo/.pico-sdk/sdk/2.1.1/lib/tinyusb/src/device/usbd.c.obj
                0x10005dd0                usbd_edpt_release
 .text.usbd_edpt_xfer
                0x10005df8       0x4c CMakeFiles/adxl382_i2c.dir/C_/Users/HDo/.pico-sdk/sdk/2.1.1/lib/tinyusb/src/device/usbd.c.obj
                0x10005df8                usbd_edpt_xfer
 .text.tud_control_status
                0x10005e44       0x2c CMakeFiles/adxl382_i2c.dir/C_/Users/HDo/.pico-sdk/sdk/2.1.1/lib/tinyusb/src/device/usbd_control.c.obj
                0x10005e44                tud_control_status
 .text.tud_control_xfer
                0x10005e70       0xa8 CMakeFiles/adxl382_i2c.dir/C_/Users/HDo/.pico-sdk/sdk/2.1.1/lib/tinyusb/src/device/usbd_control.c.obj
                0x10005e70                tud_control_xfer
 .text.usbd_control_reset
                0x10005f18       0x14 CMakeFiles/adxl382_i2c.dir/C_/Users/HDo/.pico-sdk/sdk/2.1.1/lib/tinyusb/src/device/usbd_control.c.obj
                0x10005f18                usbd_control_reset
 .text.usbd_control_set_complete_callback
                0x10005f2c        0xc CMakeFiles/adxl382_i2c.dir/C_/Users/HDo/.pico-sdk/sdk/2.1.1/lib/tinyusb/src/device/usbd_control.c.obj
                0x10005f2c                usbd_control_set_complete_callback
 .text.usbd_control_set_request
                0x10005f38       0x1c CMakeFiles/adxl382_i2c.dir/C_/Users/HDo/.pico-sdk/sdk/2.1.1/lib/tinyusb/src/device/usbd_control.c.obj
                0x10005f38                usbd_control_set_request
 .text.usbd_control_xfer_cb
                0x10005f54       0xec CMakeFiles/adxl382_i2c.dir/C_/Users/HDo/.pico-sdk/sdk/2.1.1/lib/tinyusb/src/device/usbd_control.c.obj
                0x10005f54                usbd_control_xfer_cb
 .text._prep_out_transaction.isra.0
                0x10006040       0x6c CMakeFiles/adxl382_i2c.dir/C_/Users/HDo/.pico-sdk/sdk/2.1.1/lib/tinyusb/src/class/cdc/cdc_device.c.obj
 .text.tud_cdc_n_connected
                0x100060ac       0x2c CMakeFiles/adxl382_i2c.dir/C_/Users/HDo/.pico-sdk/sdk/2.1.1/lib/tinyusb/src/class/cdc/cdc_device.c.obj
                0x100060ac                tud_cdc_n_connected
 .text.tud_cdc_n_available
                0x100060d8       0x14 CMakeFiles/adxl382_i2c.dir/C_/Users/HDo/.pico-sdk/sdk/2.1.1/lib/tinyusb/src/class/cdc/cdc_device.c.obj
                0x100060d8                tud_cdc_n_available
 .text.tud_cdc_n_read
                0x100060ec       0x88 CMakeFiles/adxl382_i2c.dir/C_/Users/HDo/.pico-sdk/sdk/2.1.1/lib/tinyusb/src/class/cdc/cdc_device.c.obj
                0x100060ec                tud_cdc_n_read
 .text.tud_cdc_n_write_flush
                0x10006174       0x74 CMakeFiles/adxl382_i2c.dir/C_/Users/HDo/.pico-sdk/sdk/2.1.1/lib/tinyusb/src/class/cdc/cdc_device.c.obj
                0x10006174                tud_cdc_n_write_flush
 .text.tud_cdc_n_write
                0x100061e8       0x40 CMakeFiles/adxl382_i2c.dir/C_/Users/HDo/.pico-sdk/sdk/2.1.1/lib/tinyusb/src/class/cdc/cdc_device.c.obj
                0x100061e8                tud_cdc_n_write
 .text.tud_cdc_n_write_available
                0x10006228       0x14 CMakeFiles/adxl382_i2c.dir/C_/Users/HDo/.pico-sdk/sdk/2.1.1/lib/tinyusb/src/class/cdc/cdc_device.c.obj
                0x10006228                tud_cdc_n_write_available
 .text.cdcd_init
                0x1000623c       0x70 CMakeFiles/adxl382_i2c.dir/C_/Users/HDo/.pico-sdk/sdk/2.1.1/lib/tinyusb/src/class/cdc/cdc_device.c.obj
                0x1000623c                cdcd_init
 .text.cdcd_deinit
                0x100062ac       0x30 CMakeFiles/adxl382_i2c.dir/C_/Users/HDo/.pico-sdk/sdk/2.1.1/lib/tinyusb/src/class/cdc/cdc_device.c.obj
                0x100062ac                cdcd_deinit
 .text.cdcd_reset
                0x100062dc       0x4c CMakeFiles/adxl382_i2c.dir/C_/Users/HDo/.pico-sdk/sdk/2.1.1/lib/tinyusb/src/class/cdc/cdc_device.c.obj
                0x100062dc                cdcd_reset
 .text.cdcd_open
                0x10006328       0xa4 CMakeFiles/adxl382_i2c.dir/C_/Users/HDo/.pico-sdk/sdk/2.1.1/lib/tinyusb/src/class/cdc/cdc_device.c.obj
                0x10006328                cdcd_open
 .text.cdcd_control_xfer_cb
                0x100063cc       0xe8 CMakeFiles/adxl382_i2c.dir/C_/Users/HDo/.pico-sdk/sdk/2.1.1/lib/tinyusb/src/class/cdc/cdc_device.c.obj
                0x100063cc                cdcd_control_xfer_cb
 .text.cdcd_xfer_cb
                0x100064b4      0x100 CMakeFiles/adxl382_i2c.dir/C_/Users/HDo/.pico-sdk/sdk/2.1.1/lib/tinyusb/src/class/cdc/cdc_device.c.obj
                0x100064b4                cdcd_xfer_cb
 .text.vendord_init
                0x100065b4       0x5c CMakeFiles/adxl382_i2c.dir/C_/Users/HDo/.pico-sdk/sdk/2.1.1/lib/tinyusb/src/class/vendor/vendor_device.c.obj
                0x100065b4                vendord_init
 .text.vendord_deinit
                0x10006610       0x1c CMakeFiles/adxl382_i2c.dir/C_/Users/HDo/.pico-sdk/sdk/2.1.1/lib/tinyusb/src/class/vendor/vendor_device.c.obj
                0x10006610                vendord_deinit
 .text.vendord_reset
                0x1000662c       0x28 CMakeFiles/adxl382_i2c.dir/C_/Users/HDo/.pico-sdk/sdk/2.1.1/lib/tinyusb/src/class/vendor/vendor_device.c.obj
                0x1000662c                vendord_reset
 .text.vendord_open
                0x10006654      0x120 CMakeFiles/adxl382_i2c.dir/C_/Users/HDo/.pico-sdk/sdk/2.1.1/lib/tinyusb/src/class/vendor/vendor_device.c.obj
                0x10006654                vendord_open
 .text.vendord_xfer_cb
                0x10006774       0x9c CMakeFiles/adxl382_i2c.dir/C_/Users/HDo/.pico-sdk/sdk/2.1.1/lib/tinyusb/src/class/vendor/vendor_device.c.obj
                0x10006774                vendord_xfer_cb
 .text.tusb_rhport_init
                0x10006810       0x4c CMakeFiles/adxl382_i2c.dir/C_/Users/HDo/.pico-sdk/sdk/2.1.1/lib/tinyusb/src/tusb.c.obj
                0x10006810                tusb_rhport_init
 .text.tu_edpt_claim
                0x1000685c       0x50 CMakeFiles/adxl382_i2c.dir/C_/Users/HDo/.pico-sdk/sdk/2.1.1/lib/tinyusb/src/tusb.c.obj
                0x1000685c                tu_edpt_claim
 .text.tu_edpt_release
                0x100068ac       0x38 CMakeFiles/adxl382_i2c.dir/C_/Users/HDo/.pico-sdk/sdk/2.1.1/lib/tinyusb/src/tusb.c.obj
                0x100068ac                tu_edpt_release
 .text.tu_edpt_validate
                0x100068e4       0x7c CMakeFiles/adxl382_i2c.dir/C_/Users/HDo/.pico-sdk/sdk/2.1.1/lib/tinyusb/src/tusb.c.obj
                0x100068e4                tu_edpt_validate
 .text.tu_edpt_bind_driver
                0x10006960       0x34 CMakeFiles/adxl382_i2c.dir/C_/Users/HDo/.pico-sdk/sdk/2.1.1/lib/tinyusb/src/tusb.c.obj
                0x10006960                tu_edpt_bind_driver
 .text.tu_edpt_stream_init
                0x10006994       0x6c CMakeFiles/adxl382_i2c.dir/C_/Users/HDo/.pico-sdk/sdk/2.1.1/lib/tinyusb/src/tusb.c.obj
                0x10006994                tu_edpt_stream_init
 .text.tu_edpt_stream_deinit
                0x10006a00        0x4 CMakeFiles/adxl382_i2c.dir/C_/Users/HDo/.pico-sdk/sdk/2.1.1/lib/tinyusb/src/tusb.c.obj
                0x10006a00                tu_edpt_stream_deinit
 .text.tu_edpt_stream_write_zlp_if_needed
                0x10006a04       0x68 CMakeFiles/adxl382_i2c.dir/C_/Users/HDo/.pico-sdk/sdk/2.1.1/lib/tinyusb/src/tusb.c.obj
                0x10006a04                tu_edpt_stream_write_zlp_if_needed
 .text.tu_edpt_stream_write_xfer
                0x10006a6c       0x68 CMakeFiles/adxl382_i2c.dir/C_/Users/HDo/.pico-sdk/sdk/2.1.1/lib/tinyusb/src/tusb.c.obj
                0x10006a6c                tu_edpt_stream_write_xfer
 .text.tu_edpt_stream_read_xfer
                0x10006ad4       0xd8 CMakeFiles/adxl382_i2c.dir/C_/Users/HDo/.pico-sdk/sdk/2.1.1/lib/tinyusb/src/tusb.c.obj
                0x10006ad4                tu_edpt_stream_read_xfer
 .text.tu_fifo_config
                0x10006bac       0x6c CMakeFiles/adxl382_i2c.dir/C_/Users/HDo/.pico-sdk/sdk/2.1.1/lib/tinyusb/src/common/tusb_fifo.c.obj
                0x10006bac                tu_fifo_config
 .text.tu_fifo_count
                0x10006c18       0x2c CMakeFiles/adxl382_i2c.dir/C_/Users/HDo/.pico-sdk/sdk/2.1.1/lib/tinyusb/src/common/tusb_fifo.c.obj
                0x10006c18                tu_fifo_count
 .text.tu_fifo_empty
                0x10006c44       0x10 CMakeFiles/adxl382_i2c.dir/C_/Users/HDo/.pico-sdk/sdk/2.1.1/lib/tinyusb/src/common/tusb_fifo.c.obj
                0x10006c44                tu_fifo_empty
 .text.tu_fifo_remaining
                0x10006c54       0x2c CMakeFiles/adxl382_i2c.dir/C_/Users/HDo/.pico-sdk/sdk/2.1.1/lib/tinyusb/src/common/tusb_fifo.c.obj
                0x10006c54                tu_fifo_remaining
 .text.tu_fifo_read
                0x10006c80       0x9c CMakeFiles/adxl382_i2c.dir/C_/Users/HDo/.pico-sdk/sdk/2.1.1/lib/tinyusb/src/common/tusb_fifo.c.obj
                0x10006c80                tu_fifo_read
 .text.tu_fifo_read_n
                0x10006d1c       0xe8 CMakeFiles/adxl382_i2c.dir/C_/Users/HDo/.pico-sdk/sdk/2.1.1/lib/tinyusb/src/common/tusb_fifo.c.obj
                0x10006d1c                tu_fifo_read_n
 .text.tu_fifo_write
                0x10006e04       0xa4 CMakeFiles/adxl382_i2c.dir/C_/Users/HDo/.pico-sdk/sdk/2.1.1/lib/tinyusb/src/common/tusb_fifo.c.obj
                0x10006e04                tu_fifo_write
 .text.tu_fifo_write_n
                0x10006ea8      0x178 CMakeFiles/adxl382_i2c.dir/C_/Users/HDo/.pico-sdk/sdk/2.1.1/lib/tinyusb/src/common/tusb_fifo.c.obj
                0x10006ea8                tu_fifo_write_n
 .text.tu_fifo_clear
                0x10007020       0x40 CMakeFiles/adxl382_i2c.dir/C_/Users/HDo/.pico-sdk/sdk/2.1.1/lib/tinyusb/src/common/tusb_fifo.c.obj
                0x10007020                tu_fifo_clear
 .text.tu_fifo_set_overwritable
                0x10007060       0x48 CMakeFiles/adxl382_i2c.dir/C_/Users/HDo/.pico-sdk/sdk/2.1.1/lib/tinyusb/src/common/tusb_fifo.c.obj
                0x10007060                tu_fifo_set_overwritable
 .text.i2c_read_blocking_internal.constprop.0
                0x100070a8       0x98 CMakeFiles/adxl382_i2c.dir/C_/Users/HDo/.pico-sdk/sdk/2.1.1/src/rp2_common/hardware_i2c/i2c.c.obj
 .text.i2c_write_blocking_internal.constprop.0
                0x10007140       0xf8 CMakeFiles/adxl382_i2c.dir/C_/Users/HDo/.pico-sdk/sdk/2.1.1/src/rp2_common/hardware_i2c/i2c.c.obj
 .text.i2c_set_baudrate
                0x10007238       0xc0 CMakeFiles/adxl382_i2c.dir/C_/Users/HDo/.pico-sdk/sdk/2.1.1/src/rp2_common/hardware_i2c/i2c.c.obj
                0x10007238                i2c_set_baudrate
 .text.i2c_init
                0x100072f8       0x50 CMakeFiles/adxl382_i2c.dir/C_/Users/HDo/.pico-sdk/sdk/2.1.1/src/rp2_common/hardware_i2c/i2c.c.obj
                0x100072f8                i2c_init
 .text.i2c_write_blocking
                0x10007348       0x14 CMakeFiles/adxl382_i2c.dir/C_/Users/HDo/.pico-sdk/sdk/2.1.1/src/rp2_common/hardware_i2c/i2c.c.obj
                0x10007348                i2c_write_blocking
 .text.i2c_read_blocking
                0x1000735c       0x14 CMakeFiles/adxl382_i2c.dir/C_/Users/HDo/.pico-sdk/sdk/2.1.1/src/rp2_common/hardware_i2c/i2c.c.obj
                0x1000735c                i2c_read_blocking
 .text.strlen   0x10007370       0x5c C:/Users/HDo/.pico-sdk/toolchain/14_2_Rel1/bin/../lib/gcc/arm-none-eabi/14.2.1/thumb/v6-m/nofp\libg.a(libc_a-strlen-stub.o)
                0x10007370                strlen
 *(.fini)
 .fini          0x100073cc        0x4 C:/Users/HDo/.pico-sdk/toolchain/14_2_Rel1/bin/../lib/gcc/arm-none-eabi/14.2.1/thumb/v6-m/nofp/crti.o
                0x100073cc                _fini
 .fini.__stub   0x100073d0       0xc0 linker stubs
 *crtbegin.o(.ctors)
 *crtbegin?.o(.ctors)
 *(EXCLUDE_FILE(*crtend.o *crtend?.o) .ctors)
 *(SORT_BY_NAME(.ctors.*))
 *(.ctors)
 *crtbegin.o(.dtors)
 *crtbegin?.o(.dtors)
 *(EXCLUDE_FILE(*crtend.o *crtend?.o) .dtors)
 *(SORT_BY_NAME(.dtors.*))
 *(.dtors)
                0x10007490                        . = ALIGN (0x4)
                0x10007490                        PROVIDE (__preinit_array_start = .)
 *(SORT_BY_NAME(.preinit_array.*))
 .preinit_array.00100
                0x10007490        0x4 CMakeFiles/adxl382_i2c.dir/C_/Users/HDo/.pico-sdk/sdk/2.1.1/src/rp2_common/pico_runtime_init/runtime_init.c.obj
                0x10007490                __pre_init_runtime_init_early_resets
 .preinit_array.00101
                0x10007494        0x4 CMakeFiles/adxl382_i2c.dir/C_/Users/HDo/.pico-sdk/sdk/2.1.1/src/rp2_common/pico_runtime_init/runtime_init.c.obj
                0x10007494                __pre_init_runtime_init_usb_power_down
 .preinit_array.00275
                0x10007498        0x4 CMakeFiles/adxl382_i2c.dir/C_/Users/HDo/.pico-sdk/sdk/2.1.1/src/rp2_common/pico_bit_ops/bit_ops_aeabi.S.obj
 .preinit_array.00300
                0x1000749c        0x4 CMakeFiles/adxl382_i2c.dir/C_/Users/HDo/.pico-sdk/sdk/2.1.1/src/rp2_common/pico_mem_ops/mem_ops_aeabi.S.obj
 .preinit_array.00350
                0x100074a0        0x4 CMakeFiles/adxl382_i2c.dir/C_/Users/HDo/.pico-sdk/sdk/2.1.1/src/rp2_common/pico_double/double_aeabi_rp2040.S.obj
 .preinit_array.00350
                0x100074a4        0x4 CMakeFiles/adxl382_i2c.dir/C_/Users/HDo/.pico-sdk/sdk/2.1.1/src/rp2_common/pico_float/float_aeabi_rp2040.S.obj
 .preinit_array.00500
                0x100074a8        0x4 CMakeFiles/adxl382_i2c.dir/C_/Users/HDo/.pico-sdk/sdk/2.1.1/src/rp2_common/pico_runtime_init/runtime_init.c.obj
                0x100074a8                __pre_init_runtime_init_clocks
 .preinit_array.00600
                0x100074ac        0x4 CMakeFiles/adxl382_i2c.dir/C_/Users/HDo/.pico-sdk/sdk/2.1.1/src/rp2_common/pico_runtime_init/runtime_init.c.obj
                0x100074ac                __pre_init_runtime_init_post_clock_resets
 .preinit_array.00700
                0x100074b0        0x4 CMakeFiles/adxl382_i2c.dir/C_/Users/HDo/.pico-sdk/sdk/2.1.1/src/rp2_common/pico_runtime_init/runtime_init.c.obj
                0x100074b0                __pre_init_runtime_init_rp2040_gpio_ie_disable
 .preinit_array.01000
                0x100074b4        0x4 CMakeFiles/adxl382_i2c.dir/C_/Users/HDo/.pico-sdk/sdk/2.1.1/src/rp2_common/pico_runtime_init/runtime_init.c.obj
                0x100074b4                __pre_init_runtime_init_spin_locks_reset
 .preinit_array.01100
                0x100074b8        0x4 CMakeFiles/adxl382_i2c.dir/C_/Users/HDo/.pico-sdk/sdk/2.1.1/src/common/pico_sync/mutex.c.obj
                0x100074b8                __pre_init_runtime_init_mutex
 .preinit_array.10080
                0x100074bc        0x4 CMakeFiles/adxl382_i2c.dir/C_/Users/HDo/.pico-sdk/sdk/2.1.1/src/rp2_common/pico_runtime_init/runtime_init.c.obj
                0x100074bc                __pre_init_runtime_init_install_ram_vector_table
 .preinit_array.11000
                0x100074c0        0x4 CMakeFiles/adxl382_i2c.dir/C_/Users/HDo/.pico-sdk/sdk/2.1.1/src/common/pico_time/time.c.obj
                0x100074c0                __pre_init_runtime_init_default_alarm_pool
 .preinit_array.YYYYY
                0x100074c4        0x4 CMakeFiles/adxl382_i2c.dir/C_/Users/HDo/.pico-sdk/sdk/2.1.1/src/rp2_common/pico_runtime/runtime.c.obj
                0x100074c4                __pre_init_first_per_core_initializer
 .preinit_array.ZZZZZ.01200
                0x100074c8        0x4 CMakeFiles/adxl382_i2c.dir/C_/Users/HDo/.pico-sdk/sdk/2.1.1/src/rp2_common/hardware_irq/irq.c.obj
                0x100074c8                __pre_init_runtime_init_per_core_irq_priorities
 *(.preinit_array)
                0x100074cc                        PROVIDE (__preinit_array_end = .)
                0x100074cc                        . = ALIGN (0x4)
                0x100074cc                        PROVIDE (__init_array_start = .)
 *(SORT_BY_NAME(.init_array.*))
 *(.init_array)
 .init_array    0x100074cc        0x4 C:/Users/HDo/.pico-sdk/toolchain/14_2_Rel1/bin/../lib/gcc/arm-none-eabi/14.2.1/thumb/v6-m/nofp/crtbegin.o
 .init_array    0x100074d0        0x4 CMakeFiles/adxl382_i2c.dir/C_/Users/HDo/.pico-sdk/sdk/2.1.1/src/rp2_common/pico_unique_id/unique_id.c.obj
                0x100074d4                        PROVIDE (__init_array_end = .)
                0x100074d4                        . = ALIGN (0x4)
                [!provide]                        PROVIDE (__fini_array_start = .)
 *(SORT_BY_NAME(.fini_array.*))
 *(.fini_array)
                [!provide]                        PROVIDE (__fini_array_end = .)
 *(.eh_frame*)
 .eh_frame      0x100074d4        0x0 C:/Users/HDo/.pico-sdk/toolchain/14_2_Rel1/bin/../lib/gcc/arm-none-eabi/14.2.1/thumb/v6-m/nofp/crtbegin.o
                0x100074d4                        . = ALIGN (0x4)

.glue_7         0x100074d4        0x0
 .glue_7        0x100074d4        0x0 linker stubs

.glue_7t        0x100074d4        0x0
 .glue_7t       0x100074d4        0x0 linker stubs

.vfp11_veneer   0x100074d4        0x0
 .vfp11_veneer  0x100074d4        0x0 linker stubs

.v4_bx          0x100074d4        0x0
 .v4_bx         0x100074d4        0x0 linker stubs

.iplt           0x100074d4        0x0
 .iplt          0x100074d4        0x0 C:/Users/HDo/.pico-sdk/toolchain/14_2_Rel1/bin/../lib/gcc/arm-none-eabi/14.2.1/thumb/v6-m/nofp/crtbegin.o

.rodata         0x100074d8      0xabc
 *(EXCLUDE_FILE(*libm.a: *libc.a:*lib_a-mem*.o *libgcc.a:) .rodata*)
 .rodata.adxl38x_init.str1.4
                0x100074d8      0x600 CMakeFiles/adxl382_i2c.dir/adxl382.c.obj
                                 0xd3 (size before relaxing)
 .rodata.adxl38x_soft_reset.str1.4
                0x10007ad8       0x19 CMakeFiles/adxl382_i2c.dir/adxl382.c.obj
 .rodata.adxl38x_set_to_standby.str1.4
                0x10007ad8       0x46 CMakeFiles/adxl382_i2c.dir/adxl382.c.obj
 .rodata.adxl38x_accel_set_FIFO.str1.4
                0x10007ad8      0x116 CMakeFiles/adxl382_i2c.dir/adxl382.c.obj
 .rodata.scan_i2c_bus.str1.4
                0x10007ad8       0x40 CMakeFiles/adxl382_i2c.dir/main.c.obj
 .rodata.main.str1.4
                0x10007ad8      0x1cb CMakeFiles/adxl382_i2c.dir/main.c.obj
 .rodata.__bi_82.0
                0x10007ad8        0x8 CMakeFiles/adxl382_i2c.dir/main.c.obj
 .rodata.str1.4
                0x10007ae0       0x2e CMakeFiles/adxl382_i2c.dir/main.c.obj
 .rodata.__bi_83.1
                0x10007ae0        0xc CMakeFiles/adxl382_i2c.dir/main.c.obj
 .rodata.panic.str1.4
                0x10007aec       0x12 CMakeFiles/adxl382_i2c.dir/C_/Users/HDo/.pico-sdk/sdk/2.1.1/src/rp2_common/pico_platform_panic/panic.c.obj
 .rodata.spin_lock_claim_unused.str1.4
                0x10007aec       0x1b CMakeFiles/adxl382_i2c.dir/C_/Users/HDo/.pico-sdk/sdk/2.1.1/src/rp2_common/hardware_sync/sync.c.obj
 .rodata.user_irq_claim_unused.str1.4
                0x10007aec       0x1b CMakeFiles/adxl382_i2c.dir/C_/Users/HDo/.pico-sdk/sdk/2.1.1/src/rp2_common/hardware_irq/irq.c.obj
 .rodata.timer_hardware_alarm_claim.str1.4
                0x10007aec       0x22 CMakeFiles/adxl382_i2c.dir/C_/Users/HDo/.pico-sdk/sdk/2.1.1/src/rp2_common/hardware_timer/timer.c.obj
 .rodata.hard_assertion_failure.str1.4
                0x10007aec        0xc CMakeFiles/adxl382_i2c.dir/C_/Users/HDo/.pico-sdk/sdk/2.1.1/src/rp2_common/pico_runtime/runtime.c.obj
 .rodata.str1.4
                0x10007aec       0x40 CMakeFiles/adxl382_i2c.dir/C_/Users/HDo/.pico-sdk/sdk/2.1.1/src/rp2_common/pico_standard_binary_info/standard_binary_info.c.obj
 .rodata.__bi_84
                0x10007aec        0xc CMakeFiles/adxl382_i2c.dir/C_/Users/HDo/.pico-sdk/sdk/2.1.1/src/rp2_common/pico_standard_binary_info/standard_binary_info.c.obj
 .rodata.__bi_78
                0x10007af8        0xc CMakeFiles/adxl382_i2c.dir/C_/Users/HDo/.pico-sdk/sdk/2.1.1/src/rp2_common/pico_standard_binary_info/standard_binary_info.c.obj
 .rodata.__bi_54
                0x10007b04        0xc CMakeFiles/adxl382_i2c.dir/C_/Users/HDo/.pico-sdk/sdk/2.1.1/src/rp2_common/pico_standard_binary_info/standard_binary_info.c.obj
 .rodata.__bi_48
                0x10007b10        0xc CMakeFiles/adxl382_i2c.dir/C_/Users/HDo/.pico-sdk/sdk/2.1.1/src/rp2_common/pico_standard_binary_info/standard_binary_info.c.obj
 .rodata.__bi_42
                0x10007b1c        0xc CMakeFiles/adxl382_i2c.dir/C_/Users/HDo/.pico-sdk/sdk/2.1.1/src/rp2_common/pico_standard_binary_info/standard_binary_info.c.obj
 .rodata.__bi_34
                0x10007b28        0xc CMakeFiles/adxl382_i2c.dir/C_/Users/HDo/.pico-sdk/sdk/2.1.1/src/rp2_common/pico_standard_binary_info/standard_binary_info.c.obj
 .rodata.__bi_26
                0x10007b34        0xc CMakeFiles/adxl382_i2c.dir/C_/Users/HDo/.pico-sdk/sdk/2.1.1/src/rp2_common/pico_standard_binary_info/standard_binary_info.c.obj
 .rodata._ftoa.str1.4
                0x10007b40       0x15 CMakeFiles/adxl382_i2c.dir/C_/Users/HDo/.pico-sdk/sdk/2.1.1/src/rp2_common/pico_printf/printf.c.obj
 .rodata._vsnprintf
                0x10007b40      0x19c CMakeFiles/adxl382_i2c.dir/C_/Users/HDo/.pico-sdk/sdk/2.1.1/src/rp2_common/pico_printf/printf.c.obj
 *fill*         0x10007cdc        0x4 
 .rodata.pow10.0
                0x10007ce0       0x50 CMakeFiles/adxl382_i2c.dir/C_/Users/HDo/.pico-sdk/sdk/2.1.1/src/rp2_common/pico_printf/printf.c.obj
 .rodata.crlf_str.0
                0x10007d30        0x2 CMakeFiles/adxl382_i2c.dir/C_/Users/HDo/.pico-sdk/sdk/2.1.1/src/rp2_common/pico_stdio/stdio.c.obj
 *fill*         0x10007d32        0x2 
 .rodata._resetd_driver
                0x10007d34       0x20 CMakeFiles/adxl382_i2c.dir/C_/Users/HDo/.pico-sdk/sdk/2.1.1/src/rp2_common/pico_stdio_usb/reset_interface.c.obj
 .rodata.desc_ms_os_20
                0x10007d54       0xa6 CMakeFiles/adxl382_i2c.dir/C_/Users/HDo/.pico-sdk/sdk/2.1.1/src/rp2_common/pico_stdio_usb/reset_interface.c.obj
 *fill*         0x10007dfa        0x2 
 .rodata.desc_bos
                0x10007dfc       0x21 CMakeFiles/adxl382_i2c.dir/C_/Users/HDo/.pico-sdk/sdk/2.1.1/src/rp2_common/pico_stdio_usb/reset_interface.c.obj
                0x10007dfc                desc_bos
 .rodata.str1.4
                0x10007e1d       0x13 CMakeFiles/adxl382_i2c.dir/C_/Users/HDo/.pico-sdk/sdk/2.1.1/src/rp2_common/pico_stdio_usb/stdio_usb.c.obj
 *fill*         0x10007e1d        0x3 
 .rodata.__bi_197.0
                0x10007e20        0xc CMakeFiles/adxl382_i2c.dir/C_/Users/HDo/.pico-sdk/sdk/2.1.1/src/rp2_common/pico_stdio_usb/stdio_usb.c.obj
 .rodata.str1.4
                0x10007e2c       0x2a CMakeFiles/adxl382_i2c.dir/C_/Users/HDo/.pico-sdk/sdk/2.1.1/src/rp2_common/pico_stdio_usb/stdio_usb_descriptors.c.obj
 .rodata.usbd_desc_str
                0x10007e2c       0x18 CMakeFiles/adxl382_i2c.dir/C_/Users/HDo/.pico-sdk/sdk/2.1.1/src/rp2_common/pico_stdio_usb/stdio_usb_descriptors.c.obj
 .rodata.usbd_desc_cfg
                0x10007e44       0x54 CMakeFiles/adxl382_i2c.dir/C_/Users/HDo/.pico-sdk/sdk/2.1.1/src/rp2_common/pico_stdio_usb/stdio_usb_descriptors.c.obj
 .rodata.usbd_desc_device
                0x10007e98       0x12 CMakeFiles/adxl382_i2c.dir/C_/Users/HDo/.pico-sdk/sdk/2.1.1/src/rp2_common/pico_stdio_usb/stdio_usb_descriptors.c.obj
 .rodata.str1.4
                0x10007eaa       0x14 CMakeFiles/adxl382_i2c.dir/C_/Users/HDo/.pico-sdk/sdk/2.1.1/lib/tinyusb/src/portable/raspberrypi/rp2040/dcd_rp2040.c.obj
 .rodata.str1.4
                0x10007eaa       0x48 CMakeFiles/adxl382_i2c.dir/C_/Users/HDo/.pico-sdk/sdk/2.1.1/lib/tinyusb/src/portable/raspberrypi/rp2040/rp2040_usb.c.obj
 *fill*         0x10007eaa        0x2 
 .rodata.tud_task_ext
                0x10007eac       0x8c CMakeFiles/adxl382_i2c.dir/C_/Users/HDo/.pico-sdk/sdk/2.1.1/lib/tinyusb/src/device/usbd.c.obj
 .rodata        0x10007f38       0x1c CMakeFiles/adxl382_i2c.dir/C_/Users/HDo/.pico-sdk/sdk/2.1.1/lib/tinyusb/src/device/usbd.c.obj
 .rodata._usbd_driver
                0x10007f54       0x40 CMakeFiles/adxl382_i2c.dir/C_/Users/HDo/.pico-sdk/sdk/2.1.1/lib/tinyusb/src/device/usbd.c.obj
                0x10007f94                        . = ALIGN (0x4)
 *(SORT_BY_ALIGNMENT(SORT_BY_NAME(.flashdata*)))
                0x10007f94                        . = ALIGN (0x4)

.ARM.extab
 *(.ARM.extab* .gnu.linkonce.armextab.*)
                0x10007f94                        __exidx_start = .

.ARM.exidx
 *(.ARM.exidx* .gnu.linkonce.armexidx.*)
                0x10007f94                        __exidx_end = .
                0x10007f94                        . = ALIGN (0x4)
                0x10007f94                        __binary_info_start = .

.binary_info    0x10007f94       0x28
 *(.binary_info.keep.*)
 .binary_info.keep.__bi_ptr83
                0x10007f94        0x4 CMakeFiles/adxl382_i2c.dir/main.c.obj
 .binary_info.keep.__bi_ptr82
                0x10007f98        0x4 CMakeFiles/adxl382_i2c.dir/main.c.obj
 .binary_info.keep.__bi_ptr84
                0x10007f9c        0x4 CMakeFiles/adxl382_i2c.dir/C_/Users/HDo/.pico-sdk/sdk/2.1.1/src/rp2_common/pico_standard_binary_info/standard_binary_info.c.obj
 .binary_info.keep.__bi_ptr78
                0x10007fa0        0x4 CMakeFiles/adxl382_i2c.dir/C_/Users/HDo/.pico-sdk/sdk/2.1.1/src/rp2_common/pico_standard_binary_info/standard_binary_info.c.obj
 .binary_info.keep.__bi_ptr54
                0x10007fa4        0x4 CMakeFiles/adxl382_i2c.dir/C_/Users/HDo/.pico-sdk/sdk/2.1.1/src/rp2_common/pico_standard_binary_info/standard_binary_info.c.obj
 .binary_info.keep.__bi_ptr48
                0x10007fa8        0x4 CMakeFiles/adxl382_i2c.dir/C_/Users/HDo/.pico-sdk/sdk/2.1.1/src/rp2_common/pico_standard_binary_info/standard_binary_info.c.obj
 .binary_info.keep.__bi_ptr42
                0x10007fac        0x4 CMakeFiles/adxl382_i2c.dir/C_/Users/HDo/.pico-sdk/sdk/2.1.1/src/rp2_common/pico_standard_binary_info/standard_binary_info.c.obj
 .binary_info.keep.__bi_ptr34
                0x10007fb0        0x4 CMakeFiles/adxl382_i2c.dir/C_/Users/HDo/.pico-sdk/sdk/2.1.1/src/rp2_common/pico_standard_binary_info/standard_binary_info.c.obj
 .binary_info.keep.__bi_ptr26
                0x10007fb4        0x4 CMakeFiles/adxl382_i2c.dir/C_/Users/HDo/.pico-sdk/sdk/2.1.1/src/rp2_common/pico_standard_binary_info/standard_binary_info.c.obj
 *(.binary_info.*)
 .binary_info.__bi_ptr197
                0x10007fb8        0x4 CMakeFiles/adxl382_i2c.dir/C_/Users/HDo/.pico-sdk/sdk/2.1.1/src/rp2_common/pico_stdio_usb/stdio_usb.c.obj
                0x10007fbc                        __binary_info_end = .

.rel.dyn        0x10007fbc        0x0
 .rel.iplt      0x10007fbc        0x0 C:/Users/HDo/.pico-sdk/toolchain/14_2_Rel1/bin/../lib/gcc/arm-none-eabi/14.2.1/thumb/v6-m/nofp/crtbegin.o
                0x10007fbc                        . = ALIGN (0x4)

.ram_vector_table
                0x20000000       0xc0
 *(.ram_vector_table)
 .ram_vector_table
                0x20000000       0xc0 CMakeFiles/adxl382_i2c.dir/C_/Users/HDo/.pico-sdk/sdk/2.1.1/src/rp2_common/pico_runtime_init/runtime_init.c.obj
                0x20000000                ram_vector_table

.uninitialized_data
                0x200000c0        0x0
                0x200000c0                        . = ALIGN (0x4)
 *(.uninitialized_data*)

.data           0x200000c0      0xfa8 load address 0x10007fbc
                0x200000c0                        __data_start__ = .
 *(vtable)
 *(.time_critical*)
 .time_critical.mutex_try_enter
                0x200000c0       0x40 CMakeFiles/adxl382_i2c.dir/C_/Users/HDo/.pico-sdk/sdk/2.1.1/src/common/pico_sync/mutex.c.obj
                0x200000c0                mutex_try_enter
 .time_critical.mutex_try_enter_block_until
                0x20000100       0x98 CMakeFiles/adxl382_i2c.dir/C_/Users/HDo/.pico-sdk/sdk/2.1.1/src/common/pico_sync/mutex.c.obj
                0x20000100                mutex_try_enter_block_until
 .time_critical.mutex_enter_timeout_ms
                0x20000198       0x8c CMakeFiles/adxl382_i2c.dir/C_/Users/HDo/.pico-sdk/sdk/2.1.1/src/common/pico_sync/mutex.c.obj
                0x20000198                mutex_enter_timeout_ms
 .time_critical.mutex_exit
                0x20000224       0x28 CMakeFiles/adxl382_i2c.dir/C_/Users/HDo/.pico-sdk/sdk/2.1.1/src/common/pico_sync/mutex.c.obj
                0x20000224                mutex_exit
 .time_critical.flash_init_boot2_copyout
                0x2000024c       0x30 CMakeFiles/adxl382_i2c.dir/C_/Users/HDo/.pico-sdk/sdk/2.1.1/src/rp2_common/hardware_flash/flash.c.obj
 .time_critical.flash_enable_xip_via_boot2
                0x2000027c        0xc CMakeFiles/adxl382_i2c.dir/C_/Users/HDo/.pico-sdk/sdk/2.1.1/src/rp2_common/hardware_flash/flash.c.obj
 .time_critical.flash_cs_force
                0x20000288       0x38 CMakeFiles/adxl382_i2c.dir/C_/Users/HDo/.pico-sdk/sdk/2.1.1/src/rp2_common/hardware_flash/flash.c.obj
 .time_critical.flash_do_cmd
                0x200002c0      0x130 CMakeFiles/adxl382_i2c.dir/C_/Users/HDo/.pico-sdk/sdk/2.1.1/src/rp2_common/hardware_flash/flash.c.obj
                0x200002c0                flash_do_cmd
 .time_critical.reset_non_control_endpoints
                0x200003f0       0x68 CMakeFiles/adxl382_i2c.dir/C_/Users/HDo/.pico-sdk/sdk/2.1.1/lib/tinyusb/src/portable/raspberrypi/rp2040/dcd_rp2040.c.obj
 .time_critical.hw_handle_buff_status
                0x20000458       0xa0 CMakeFiles/adxl382_i2c.dir/C_/Users/HDo/.pico-sdk/sdk/2.1.1/lib/tinyusb/src/portable/raspberrypi/rp2040/dcd_rp2040.c.obj
 .time_critical.dcd_rp2040_irq
                0x200004f8      0x548 CMakeFiles/adxl382_i2c.dir/C_/Users/HDo/.pico-sdk/sdk/2.1.1/lib/tinyusb/src/portable/raspberrypi/rp2040/dcd_rp2040.c.obj
 .time_critical.prepare_ep_buffer
                0x20000a40       0xc8 CMakeFiles/adxl382_i2c.dir/C_/Users/HDo/.pico-sdk/sdk/2.1.1/lib/tinyusb/src/portable/raspberrypi/rp2040/rp2040_usb.c.obj
 .time_critical.sync_ep_buffer
                0x20000b08       0x9c CMakeFiles/adxl382_i2c.dir/C_/Users/HDo/.pico-sdk/sdk/2.1.1/lib/tinyusb/src/portable/raspberrypi/rp2040/rp2040_usb.c.obj
 .time_critical._hw_endpoint_xfer_sync
                0x20000ba4       0x28 CMakeFiles/adxl382_i2c.dir/C_/Users/HDo/.pico-sdk/sdk/2.1.1/lib/tinyusb/src/portable/raspberrypi/rp2040/rp2040_usb.c.obj
 .time_critical.e15_is_bulkin_ep
                0x20000bcc       0x28 CMakeFiles/adxl382_i2c.dir/C_/Users/HDo/.pico-sdk/sdk/2.1.1/lib/tinyusb/src/portable/raspberrypi/rp2040/rp2040_usb.c.obj
 .time_critical.e15_is_critical_frame_period
                0x20000bf4       0x34 CMakeFiles/adxl382_i2c.dir/C_/Users/HDo/.pico-sdk/sdk/2.1.1/lib/tinyusb/src/portable/raspberrypi/rp2040/rp2040_usb.c.obj
 .time_critical.hw_endpoint_reset_transfer
                0x20000c28        0xc CMakeFiles/adxl382_i2c.dir/C_/Users/HDo/.pico-sdk/sdk/2.1.1/lib/tinyusb/src/portable/raspberrypi/rp2040/rp2040_usb.c.obj
                0x20000c28                hw_endpoint_reset_transfer
 .time_critical._hw_endpoint_buffer_control_update32
                0x20000c34       0x50 CMakeFiles/adxl382_i2c.dir/C_/Users/HDo/.pico-sdk/sdk/2.1.1/lib/tinyusb/src/portable/raspberrypi/rp2040/rp2040_usb.c.obj
                0x20000c34                _hw_endpoint_buffer_control_update32
 .time_critical.hw_endpoint_start_next_buffer
                0x20000c84       0x68 CMakeFiles/adxl382_i2c.dir/C_/Users/HDo/.pico-sdk/sdk/2.1.1/lib/tinyusb/src/portable/raspberrypi/rp2040/rp2040_usb.c.obj
                0x20000c84                hw_endpoint_start_next_buffer
 .time_critical.hw_endpoint_xfer_continue
                0x20000cec       0x40 CMakeFiles/adxl382_i2c.dir/C_/Users/HDo/.pico-sdk/sdk/2.1.1/lib/tinyusb/src/portable/raspberrypi/rp2040/rp2040_usb.c.obj
                0x20000cec                hw_endpoint_xfer_continue
 .time_critical.tinyusb
                0x20000d2c      0x1e4 CMakeFiles/adxl382_i2c.dir/C_/Users/HDo/.pico-sdk/sdk/2.1.1/lib/tinyusb/src/device/usbd.c.obj
                0x20000d2c                dcd_event_handler
 *(.text*)
 .text          0x20000f10        0x4 C:/Users/HDo/.pico-sdk/toolchain/14_2_Rel1/bin/../lib/gcc/arm-none-eabi/14.2.1/thumb/v6-m/nofp\libgcc.a(_dvmd_tls.o)
                0x20000f10                __aeabi_idiv0
                0x20000f10                __aeabi_ldiv0
 *fill*         0x20000f14        0x4 
 .text.__stub   0x20000f18       0x80 linker stubs
                0x20000f98                        . = ALIGN (0x4)
 *(.rodata*)
                0x20000f98                        . = ALIGN (0x4)
 *(.data*)
 .data.chID_enable
                0x20000f98        0x1 CMakeFiles/adxl382_i2c.dir/main.c.obj
                0x20000f98                chID_enable
 .data.set_fifo_entries
                0x20000f99        0x1 CMakeFiles/adxl382_i2c.dir/main.c.obj
                0x20000f99                set_fifo_entries
 .data.striped_spin_lock_num
                0x20000f9a        0x1 CMakeFiles/adxl382_i2c.dir/C_/Users/HDo/.pico-sdk/sdk/2.1.1/src/rp2_common/hardware_sync/sync.c.obj
 *fill*         0x20000f9b        0x1 
 .data          0x20000f9c       0x48 CMakeFiles/adxl382_i2c.dir/C_/Users/HDo/.pico-sdk/sdk/2.1.1/src/rp2_common/hardware_irq/irq_handler_chain.S.obj
                0x20000f9c                irq_handler_chain_slots
                0x20000fcc                irq_handler_chain_first_slot
                0x20000fd6                irq_handler_chain_remove_tail
 .data.default_alarm_pool
                0x20000fe4       0x18 CMakeFiles/adxl382_i2c.dir/C_/Users/HDo/.pico-sdk/sdk/2.1.1/src/common/pico_time/time.c.obj
 *fill*         0x20000ffc        0x4 
 .data.aeabi_bits_funcs
                0x20001000       0x10 CMakeFiles/adxl382_i2c.dir/C_/Users/HDo/.pico-sdk/sdk/2.1.1/src/rp2_common/pico_bit_ops/bit_ops_aeabi.S.obj
                0x20001000                aeabi_bits_funcs
                0x20001010                aeabi_bits_funcs_end
 .data.aeabi_mem_funcs
                0x20001010       0x10 CMakeFiles/adxl382_i2c.dir/C_/Users/HDo/.pico-sdk/sdk/2.1.1/src/rp2_common/pico_mem_ops/mem_ops_aeabi.S.obj
                0x20001010                aeabi_mem_funcs
                0x20001020                aeabi_mem_funcs_end
 .data.stdio_usb
                0x20001020       0x18 CMakeFiles/adxl382_i2c.dir/C_/Users/HDo/.pico-sdk/sdk/2.1.1/src/rp2_common/pico_stdio_usb/stdio_usb.c.obj
                0x20001020                stdio_usb
 .data._usbd_qdef
                0x20001038       0x1c CMakeFiles/adxl382_i2c.dir/C_/Users/HDo/.pico-sdk/sdk/2.1.1/lib/tinyusb/src/device/usbd.c.obj
                0x20001038                _usbd_qdef
 .data._usbd_rhport
                0x20001054        0x1 CMakeFiles/adxl382_i2c.dir/C_/Users/HDo/.pico-sdk/sdk/2.1.1/lib/tinyusb/src/device/usbd.c.obj
 *fill*         0x20001055        0x3 
 .data.i2c0_inst
                0x20001058        0x8 CMakeFiles/adxl382_i2c.dir/C_/Users/HDo/.pico-sdk/sdk/2.1.1/src/rp2_common/hardware_i2c/i2c.c.obj
                0x20001058                i2c0_inst
                0x20001060                        . = ALIGN (0x4)
 *(.after_data.*)
                0x20001060                        . = ALIGN (0x4)
                0x20001060                        PROVIDE (__mutex_array_start = .)
 *(SORT_BY_NAME(.mutex_array.*))
 *(.mutex_array)
 .mutex_array   0x20001060        0x8 CMakeFiles/adxl382_i2c.dir/C_/Users/HDo/.pico-sdk/sdk/2.1.1/src/rp2_common/pico_stdio/stdio.c.obj
                0x20001068                        PROVIDE (__mutex_array_end = .)
                0x20001068                        . = ALIGN (0x4)
 *(.jcr)
                0x20001068                        . = ALIGN (0x4)

.tm_clone_table
                0x20001068        0x0 load address 0x10008f64
 .tm_clone_table
                0x20001068        0x0 C:/Users/HDo/.pico-sdk/toolchain/14_2_Rel1/bin/../lib/gcc/arm-none-eabi/14.2.1/thumb/v6-m/nofp/crtbegin.o
 .tm_clone_table
                0x20001068        0x0 C:/Users/HDo/.pico-sdk/toolchain/14_2_Rel1/bin/../lib/gcc/arm-none-eabi/14.2.1/thumb/v6-m/nofp/crtend.o

.igot.plt       0x20001068        0x0 load address 0x10008f64
 .igot.plt      0x20001068        0x0 C:/Users/HDo/.pico-sdk/toolchain/14_2_Rel1/bin/../lib/gcc/arm-none-eabi/14.2.1/thumb/v6-m/nofp/crtbegin.o

.tdata          0x20001068        0x0 load address 0x10008f64
                0x20001068                        . = ALIGN (0x4)
 *(.tdata .tdata.* .gnu.linkonce.td.*)
                0x20001068                        __tdata_end = .
                0x20001068                        PROVIDE (__data_end__ = .)
                0x10007fbc                        __etext = LOADADDR (.data)

.tbss           0x20001068        0x0 load address 0x10008f64
                0x20001068                        . = ALIGN (0x4)
                0x20001068                        __bss_start__ = .
                0x20001068                        __tls_base = .
 *(.tbss .tbss.* .gnu.linkonce.tb.*)
 *(.tcommon)
                0x20001068                        __tls_end = .

.bss            0x20001068      0xf00 load address 0x10008f64
                0x20001068                        . = ALIGN (0x4)
                0x20001068                        __tbss_end = .
 *(SORT_BY_ALIGNMENT(SORT_BY_NAME(.bss*)))
 .bss.default_alarm_pool_entries
                0x20001068      0x180 CMakeFiles/adxl382_i2c.dir/C_/Users/HDo/.pico-sdk/sdk/2.1.1/src/common/pico_time/time.c.obj
 .bss.last_avail_time.1
                0x200011e8        0x8 CMakeFiles/adxl382_i2c.dir/C_/Users/HDo/.pico-sdk/sdk/2.1.1/src/rp2_common/pico_stdio_usb/stdio_usb.c.obj
 .bss.sd_table  0x200011f0      0x100 CMakeFiles/adxl382_i2c.dir/C_/Users/HDo/.pico-sdk/sdk/2.1.1/src/rp2_common/pico_double/double_init_rom_rp2040.c.obj
                0x200011f0                sd_table
 .bss.sf_table  0x200012f0      0x100 CMakeFiles/adxl382_i2c.dir/C_/Users/HDo/.pico-sdk/sdk/2.1.1/src/rp2_common/pico_float/float_init_rom_rp2040.c.obj
                0x200012f0                sf_table
 .bss._app_driver
                0x200013f0        0x4 CMakeFiles/adxl382_i2c.dir/C_/Users/HDo/.pico-sdk/sdk/2.1.1/lib/tinyusb/src/device/usbd.c.obj
 .bss._cdcd_epbuf
                0x200013f4       0x80 CMakeFiles/adxl382_i2c.dir/C_/Users/HDo/.pico-sdk/sdk/2.1.1/lib/tinyusb/src/class/cdc/cdc_device.c.obj
 .bss._cdcd_fifo_cfg
                0x20001474        0x1 CMakeFiles/adxl382_i2c.dir/C_/Users/HDo/.pico-sdk/sdk/2.1.1/lib/tinyusb/src/class/cdc/cdc_device.c.obj
 *fill*         0x20001475        0x3 
 .bss._cdcd_itf
                0x20001478       0xc8 CMakeFiles/adxl382_i2c.dir/C_/Users/HDo/.pico-sdk/sdk/2.1.1/lib/tinyusb/src/class/cdc/cdc_device.c.obj
 .bss._ctrl_epbuf
                0x20001540       0x40 CMakeFiles/adxl382_i2c.dir/C_/Users/HDo/.pico-sdk/sdk/2.1.1/lib/tinyusb/src/device/usbd_control.c.obj
 .bss._ctrl_xfer
                0x20001580       0x14 CMakeFiles/adxl382_i2c.dir/C_/Users/HDo/.pico-sdk/sdk/2.1.1/lib/tinyusb/src/device/usbd_control.c.obj
 .bss._tusb_rhport_role
                0x20001594        0x2 CMakeFiles/adxl382_i2c.dir/C_/Users/HDo/.pico-sdk/sdk/2.1.1/lib/tinyusb/src/tusb.c.obj
                0x20001594                _tusb_rhport_role
 *fill*         0x20001596        0x2 
 .bss._ubsd_mutexdef
                0x20001598        0x8 CMakeFiles/adxl382_i2c.dir/C_/Users/HDo/.pico-sdk/sdk/2.1.1/lib/tinyusb/src/device/usbd.c.obj
 .bss._usbd_dev
                0x200015a0       0x54 CMakeFiles/adxl382_i2c.dir/C_/Users/HDo/.pico-sdk/sdk/2.1.1/lib/tinyusb/src/device/usbd.c.obj
 .bss._usbd_mutex
                0x200015f4        0x4 CMakeFiles/adxl382_i2c.dir/C_/Users/HDo/.pico-sdk/sdk/2.1.1/lib/tinyusb/src/device/usbd.c.obj
 .bss._usbd_q   0x200015f8        0x4 CMakeFiles/adxl382_i2c.dir/C_/Users/HDo/.pico-sdk/sdk/2.1.1/lib/tinyusb/src/device/usbd.c.obj
 .bss._usbd_qdef_buf
                0x200015fc       0xc0 CMakeFiles/adxl382_i2c.dir/C_/Users/HDo/.pico-sdk/sdk/2.1.1/lib/tinyusb/src/device/usbd.c.obj
                0x200015fc                _usbd_qdef_buf
 .bss._vendord_epbuf
                0x200016bc       0x80 CMakeFiles/adxl382_i2c.dir/C_/Users/HDo/.pico-sdk/sdk/2.1.1/lib/tinyusb/src/class/vendor/vendor_device.c.obj
 .bss._vendord_itf
                0x2000173c      0x24c CMakeFiles/adxl382_i2c.dir/C_/Users/HDo/.pico-sdk/sdk/2.1.1/lib/tinyusb/src/class/vendor/vendor_device.c.obj
 .bss.boot2_copyout
                0x20001988      0x100 CMakeFiles/adxl382_i2c.dir/C_/Users/HDo/.pico-sdk/sdk/2.1.1/src/rp2_common/hardware_flash/flash.c.obj
 .bss.chars_available_callback
                0x20001a88        0x4 CMakeFiles/adxl382_i2c.dir/C_/Users/HDo/.pico-sdk/sdk/2.1.1/src/rp2_common/pico_stdio_usb/stdio_usb.c.obj
 .bss.chars_available_param
                0x20001a8c        0x4 CMakeFiles/adxl382_i2c.dir/C_/Users/HDo/.pico-sdk/sdk/2.1.1/src/rp2_common/pico_stdio_usb/stdio_usb.c.obj
 .bss.claimed   0x20001a90        0x4 CMakeFiles/adxl382_i2c.dir/C_/Users/HDo/.pico-sdk/sdk/2.1.1/src/rp2_common/hardware_sync/sync.c.obj
 .bss.claimed   0x20001a94        0x1 CMakeFiles/adxl382_i2c.dir/C_/Users/HDo/.pico-sdk/sdk/2.1.1/src/rp2_common/hardware_timer/timer.c.obj
 *fill*         0x20001a95        0x3 
 .bss.configured_freq
                0x20001a98       0x28 CMakeFiles/adxl382_i2c.dir/C_/Users/HDo/.pico-sdk/sdk/2.1.1/src/rp2_common/hardware_clocks/clocks.c.obj
 .bss.desc_str.0
                0x20001ac0       0x28 CMakeFiles/adxl382_i2c.dir/C_/Users/HDo/.pico-sdk/sdk/2.1.1/src/rp2_common/pico_stdio_usb/stdio_usb_descriptors.c.obj
 .bss.drivers   0x20001ae8        0x4 CMakeFiles/adxl382_i2c.dir/C_/Users/HDo/.pico-sdk/sdk/2.1.1/src/rp2_common/pico_stdio/stdio.c.obj
 .bss.e15_last_sof
                0x20001aec        0x4 CMakeFiles/adxl382_i2c.dir/C_/Users/HDo/.pico-sdk/sdk/2.1.1/lib/tinyusb/src/portable/raspberrypi/rp2040/rp2040_usb.c.obj
                0x20001aec                e15_last_sof
 .bss.filter    0x20001af0        0x4 CMakeFiles/adxl382_i2c.dir/C_/Users/HDo/.pico-sdk/sdk/2.1.1/src/rp2_common/pico_stdio/stdio.c.obj
 .bss.hw_endpoints
                0x20001af4      0x400 CMakeFiles/adxl382_i2c.dir/C_/Users/HDo/.pico-sdk/sdk/2.1.1/lib/tinyusb/src/portable/raspberrypi/rp2040/dcd_rp2040.c.obj
 .bss.lazy_vsnprintf
                0x20001ef4        0x4 CMakeFiles/adxl382_i2c.dir/C_/Users/HDo/.pico-sdk/sdk/2.1.1/src/rp2_common/pico_printf/printf.c.obj
 .bss.load_value
                0x20001ef8        0x4 CMakeFiles/adxl382_i2c.dir/C_/Users/HDo/.pico-sdk/sdk/2.1.1/src/rp2_common/hardware_watchdog/watchdog.c.obj
 .bss.next_buffer_ptr
                0x20001efc        0x4 CMakeFiles/adxl382_i2c.dir/C_/Users/HDo/.pico-sdk/sdk/2.1.1/lib/tinyusb/src/portable/raspberrypi/rp2040/dcd_rp2040.c.obj
 .bss.object.0  0x20001f00       0x18 C:/Users/HDo/.pico-sdk/toolchain/14_2_Rel1/bin/../lib/gcc/arm-none-eabi/14.2.1/thumb/v6-m/nofp/crtbegin.o
 .bss.one_shot_timer_crit_sec
                0x20001f18        0x8 CMakeFiles/adxl382_i2c.dir/C_/Users/HDo/.pico-sdk/sdk/2.1.1/src/rp2_common/pico_stdio_usb/stdio_usb.c.obj
 .bss.pools     0x20001f20       0x10 CMakeFiles/adxl382_i2c.dir/C_/Users/HDo/.pico-sdk/sdk/2.1.1/src/common/pico_time/time.c.obj
 .bss.ret       0x20001f30        0x4 CMakeFiles/adxl382_i2c.dir/main.c.obj
                0x20001f30                ret
 .bss.retrieved_id
                0x20001f34        0x8 CMakeFiles/adxl382_i2c.dir/C_/Users/HDo/.pico-sdk/sdk/2.1.1/src/rp2_common/pico_unique_id/unique_id.c.obj
 .bss.sf_clz_func
                0x20001f3c        0x4 CMakeFiles/adxl382_i2c.dir/C_/Users/HDo/.pico-sdk/sdk/2.1.1/src/rp2_common/pico_double/double_init_rom_rp2040.c.obj
                0x20001f3c                sf_clz_func
 .bss.sleep_notifier
                0x20001f40        0x4 CMakeFiles/adxl382_i2c.dir/C_/Users/HDo/.pico-sdk/sdk/2.1.1/src/common/pico_time/time.c.obj
 .bss.stdio_usb_mutex
                0x20001f44        0x8 CMakeFiles/adxl382_i2c.dir/C_/Users/HDo/.pico-sdk/sdk/2.1.1/src/rp2_common/pico_stdio_usb/stdio_usb.c.obj
 .bss.usbd_serial_str
                0x20001f4c       0x11 CMakeFiles/adxl382_i2c.dir/C_/Users/HDo/.pico-sdk/sdk/2.1.1/src/rp2_common/pico_stdio_usb/stdio_usb_descriptors.c.obj
 .bss._app_driver_count
                0x20001f5d        0x1 CMakeFiles/adxl382_i2c.dir/C_/Users/HDo/.pico-sdk/sdk/2.1.1/lib/tinyusb/src/device/usbd.c.obj
 .bss._sof_enable
                0x20001f5e        0x1 CMakeFiles/adxl382_i2c.dir/C_/Users/HDo/.pico-sdk/sdk/2.1.1/lib/tinyusb/src/portable/raspberrypi/rp2040/dcd_rp2040.c.obj
 .bss._usbd_queued_setup
                0x20001f5f        0x1 CMakeFiles/adxl382_i2c.dir/C_/Users/HDo/.pico-sdk/sdk/2.1.1/lib/tinyusb/src/device/usbd.c.obj
 .bss.boot2_copyout_valid
                0x20001f60        0x1 CMakeFiles/adxl382_i2c.dir/C_/Users/HDo/.pico-sdk/sdk/2.1.1/src/rp2_common/hardware_flash/flash.c.obj
 .bss.irq_handler_chain_free_slot_head
                0x20001f61        0x1 CMakeFiles/adxl382_i2c.dir/C_/Users/HDo/.pico-sdk/sdk/2.1.1/src/rp2_common/hardware_irq/irq.c.obj
 .bss.itf_num   0x20001f62        0x1 CMakeFiles/adxl382_i2c.dir/C_/Users/HDo/.pico-sdk/sdk/2.1.1/src/rp2_common/pico_stdio_usb/reset_interface.c.obj
 .bss.low_priority_irq_num
                0x20001f63        0x1 CMakeFiles/adxl382_i2c.dir/C_/Users/HDo/.pico-sdk/sdk/2.1.1/src/rp2_common/pico_stdio_usb/stdio_usb.c.obj
 .bss.one_shot_timer_pending
                0x20001f64        0x1 CMakeFiles/adxl382_i2c.dir/C_/Users/HDo/.pico-sdk/sdk/2.1.1/src/rp2_common/pico_stdio_usb/stdio_usb.c.obj
 .bss.register_value
                0x20001f65        0x1 CMakeFiles/adxl382_i2c.dir/main.c.obj
                0x20001f65                register_value
 .bss.user_irq_claimed
                0x20001f66        0x1 CMakeFiles/adxl382_i2c.dir/C_/Users/HDo/.pico-sdk/sdk/2.1.1/src/rp2_common/hardware_irq/irq.c.obj
 *(COMMON)
                0x20001f68                        . = ALIGN (0x4)
 *fill*         0x20001f67        0x1 
                0x20001f68                        __bss_end__ = .

.heap           0x20001f68      0x800 load address 0x10008f64
                0x20001f68                        __end__ = .
                0x20001f68                        end = __end__
 *(.heap*)
 .heap          0x20001f68      0x800 CMakeFiles/adxl382_i2c.dir/C_/Users/HDo/.pico-sdk/sdk/2.1.1/src/rp2_common/pico_crt0/crt0.S.obj
                0x20040000                        __HeapLimit = (ORIGIN (RAM) + LENGTH (RAM))

.scratch_x      0x20040000        0x0 load address 0x10008f64
                0x20040000                        __scratch_x_start__ = .
 *(.scratch_x.*)
                0x20040000                        . = ALIGN (0x4)
                0x20040000                        __scratch_x_end__ = .
                0x10008f64                        __scratch_x_source__ = LOADADDR (.scratch_x)

.scratch_y      0x20041000        0x0 load address 0x10008f64
                0x20041000                        __scratch_y_start__ = .
 *(.scratch_y.*)
                0x20041000                        . = ALIGN (0x4)
                0x20041000                        __scratch_y_end__ = .
                0x10008f64                        __scratch_y_source__ = LOADADDR (.scratch_y)

.stack1_dummy
 *(.stack1*)

.stack_dummy    0x20041000      0x800
 *(.stack*)
 .stack         0x20041000      0x800 CMakeFiles/adxl382_i2c.dir/C_/Users/HDo/.pico-sdk/sdk/2.1.1/src/rp2_common/pico_crt0/crt0.S.obj

.flash_end      0x10008f64        0x0
 *(.embedded_end_block*)
                0x10008f64                        PROVIDE (__flash_binary_end = .)
                0x20040000                        __StackLimit = (ORIGIN (RAM) + LENGTH (RAM))
                0x20041000                        __StackOneTop = (ORIGIN (SCRATCH_X) + LENGTH (SCRATCH_X))
                0x20042000                        __StackTop = (ORIGIN (SCRATCH_Y) + LENGTH (SCRATCH_Y))
                0x20041000                        __StackOneBottom = (__StackOneTop - SIZEOF (.stack1_dummy))
                0x20041800                        __StackBottom = (__StackTop - SIZEOF (.stack_dummy))
                0x20042000                        PROVIDE (__stack = __StackTop)
                [!provide]                        PROVIDE (__heap_start = __end__)
                [!provide]                        PROVIDE (__heap_end = __HeapLimit)
                [!provide]                        PROVIDE (__tls_align = MAX (ALIGNOF (.tdata), ALIGNOF (.tbss)))
                [!provide]                        PROVIDE (__tls_size_align = (((__tls_size + __tls_align) - 0x1) & ~ ((__tls_align - 0x1))))
                [!provide]                        PROVIDE (__arm32_tls_tcb_offset = MAX (0x8, __tls_align))
                [!provide]                        PROVIDE (_end = __end__)
                [!provide]                        PROVIDE (__llvm_libc_heap_limit = __HeapLimit)
                0x00000001                        ASSERT ((__StackLimit >= __HeapLimit), region RAM overflowed)
                0x00000001                        ASSERT (((__binary_info_header_end - __logical_binary_start) <= 0x100), Binary info must be in first 256 bytes of the binary)
LOAD CMakeFiles/adxl382_i2c.dir/adxl382.c.obj
LOAD CMakeFiles/adxl382_i2c.dir/main.c.obj
LOAD CMakeFiles/adxl382_i2c.dir/C_/Users/HDo/.pico-sdk/sdk/2.1.1/src/rp2_common/pico_stdlib/stdlib.c.obj
LOAD CMakeFiles/adxl382_i2c.dir/C_/Users/HDo/.pico-sdk/sdk/2.1.1/src/rp2_common/hardware_gpio/gpio.c.obj
LOAD CMakeFiles/adxl382_i2c.dir/C_/Users/HDo/.pico-sdk/sdk/2.1.1/src/rp2040/pico_platform/platform.c.obj
LOAD CMakeFiles/adxl382_i2c.dir/C_/Users/HDo/.pico-sdk/sdk/2.1.1/src/rp2_common/pico_platform_panic/panic.c.obj
LOAD CMakeFiles/adxl382_i2c.dir/C_/Users/HDo/.pico-sdk/sdk/2.1.1/src/common/hardware_claim/claim.c.obj
LOAD CMakeFiles/adxl382_i2c.dir/C_/Users/HDo/.pico-sdk/sdk/2.1.1/src/rp2_common/hardware_sync/sync.c.obj
LOAD CMakeFiles/adxl382_i2c.dir/C_/Users/HDo/.pico-sdk/sdk/2.1.1/src/rp2_common/hardware_sync_spin_lock/sync_spin_lock.c.obj
LOAD CMakeFiles/adxl382_i2c.dir/C_/Users/HDo/.pico-sdk/sdk/2.1.1/src/rp2_common/hardware_irq/irq.c.obj
LOAD CMakeFiles/adxl382_i2c.dir/C_/Users/HDo/.pico-sdk/sdk/2.1.1/src/rp2_common/hardware_irq/irq_handler_chain.S.obj
LOAD CMakeFiles/adxl382_i2c.dir/C_/Users/HDo/.pico-sdk/sdk/2.1.1/src/common/pico_sync/sem.c.obj
LOAD CMakeFiles/adxl382_i2c.dir/C_/Users/HDo/.pico-sdk/sdk/2.1.1/src/common/pico_sync/lock_core.c.obj
LOAD CMakeFiles/adxl382_i2c.dir/C_/Users/HDo/.pico-sdk/sdk/2.1.1/src/common/pico_sync/mutex.c.obj
LOAD CMakeFiles/adxl382_i2c.dir/C_/Users/HDo/.pico-sdk/sdk/2.1.1/src/common/pico_sync/critical_section.c.obj